ARM Linker, 5.03 [Build 24] [MDK-ARM Standard]

==============================================================================

Section Cross References

    main.o(i.RCC_Configuration) refers to stm32f10x_rcc.o(i.RCC_DeInit) for RCC_DeInit
    main.o(i.RCC_Configuration) refers to stm32f10x_rcc.o(i.RCC_HSEConfig) for RCC_HSEConfig
    main.o(i.RCC_Configuration) refers to stm32f10x_rcc.o(i.RCC_WaitForHSEStartUp) for RCC_WaitForHSEStartUp
    main.o(i.RCC_Configuration) refers to stm32f10x_rcc.o(i.RCC_HCLKConfig) for RCC_HCLKConfig
    main.o(i.RCC_Configuration) refers to stm32f10x_rcc.o(i.RCC_PCLK2Config) for RCC_PCLK2Config
    main.o(i.RCC_Configuration) refers to stm32f10x_rcc.o(i.RCC_PCLK1Config) for RCC_PCLK1Config
    main.o(i.RCC_Configuration) refers to stm32f10x_rcc.o(i.RCC_PLLConfig) for RCC_PLLConfig
    main.o(i.RCC_Configuration) refers to stm32f10x_rcc.o(i.RCC_PLLCmd) for RCC_PLLCmd
    main.o(i.RCC_Configuration) refers to stm32f10x_rcc.o(i.RCC_GetFlagStatus) for RCC_GetFlagStatus
    main.o(i.RCC_Configuration) refers to stm32f10x_rcc.o(i.RCC_SYSCLKConfig) for RCC_SYSCLKConfig
    main.o(i.RCC_Configuration) refers to stm32f10x_rcc.o(i.RCC_GetSYSCLKSource) for RCC_GetSYSCLKSource
    main.o(i.StartUpTask) refers to os_time.o(i.OSTimeDlyHMSM) for OSTimeDlyHMSM
    main.o(i.main) refers to system_stm32f10x.o(i.SystemInit) for SystemInit
    main.o(i.main) refers to main.o(i.RCC_Configuration) for RCC_Configuration
    main.o(i.main) refers to os_core.o(i.OSInit) for OSInit
    main.o(i.main) refers to plantformservice.o(i.CreatePlantFormCenter) for CreatePlantFormCenter
    main.o(i.main) refers to os_task.o(i.OSTaskCreate) for OSTaskCreate
    main.o(i.main) refers to os_core.o(i.OSStart) for OSStart
    main.o(i.main) refers to main.o(.bss) for .bss
    main.o(i.main) refers to main.o(i.StartUpTask) for StartUpTask
    main.o(i.main) refers to usart.o(.bss) for UsartProcessStk
    main.o(i.main) refers to usart.o(i.UsartProcess) for UsartProcess
    main.o(i.main) refers to sim900.o(.bss) for SIM900ProcessStk
    main.o(i.main) refers to sim900.o(i.SIM900Process) for SIM900Process
    main.o(i.main) refers to ds18b20.o(.bss) for DS18B20TaskStk
    main.o(i.main) refers to ds18b20.o(i.DS18B20Task) for DS18B20Task
    main.o(i.main) refers to led.o(.bss) for LEDRunningTaskStk
    main.o(i.main) refers to led.o(i.LEDRunningTask) for LEDRunningTask
    led.o(i.LEDGPIOConfig) refers to stm32f10x_rcc.o(i.RCC_APB2PeriphClockCmd) for RCC_APB2PeriphClockCmd
    led.o(i.LEDGPIOConfig) refers to stm32f10x_gpio.o(i.GPIO_Init) for GPIO_Init
    led.o(i.LEDGPIOConfig) refers to stm32f10x_gpio.o(i.GPIO_ResetBits) for GPIO_ResetBits
    led.o(i.LEDRunningTask) refers to led.o(i.LEDGPIOConfig) for LEDGPIOConfig
    led.o(i.LEDRunningTask) refers to gpioinput.o(i.GPIOInputConfig) for GPIOInputConfig
    led.o(i.LEDRunningTask) refers to stm32f10x_gpio.o(i.GPIO_SetBits) for GPIO_SetBits
    led.o(i.LEDRunningTask) refers to os_time.o(i.OSTimeDlyHMSM) for OSTimeDlyHMSM
    led.o(i.LEDRunningTask) refers to stm32f10x_gpio.o(i.GPIO_ResetBits) for GPIO_ResetBits
    led.o(i.LEDRunningTask) refers to stm32f10x_gpio.o(i.GPIO_ReadInputDataBit) for GPIO_ReadInputDataBit
    usart.o(i.USART1_Config) refers to stm32f10x_rcc.o(i.RCC_APB2PeriphClockCmd) for RCC_APB2PeriphClockCmd
    usart.o(i.USART1_Config) refers to stm32f10x_gpio.o(i.GPIO_Init) for GPIO_Init
    usart.o(i.USART1_Config) refers to misc.o(i.NVIC_Init) for NVIC_Init
    usart.o(i.USART1_Config) refers to stm32f10x_usart.o(i.USART_Init) for USART_Init
    usart.o(i.USART1_Config) refers to stm32f10x_usart.o(i.USART_Cmd) for USART_Cmd
    usart.o(i.USART1_Config) refers to stm32f10x_usart.o(i.USART_ITConfig) for USART_ITConfig
    usart.o(i.USART1_IRQHandler) refers to os_core.o(i.OSIntEnter) for OSIntEnter
    usart.o(i.USART1_IRQHandler) refers to stm32f10x_usart.o(i.USART_GetITStatus) for USART_GetITStatus
    usart.o(i.USART1_IRQHandler) refers to stm32f10x_usart.o(i.USART_ClearITPendingBit) for USART_ClearITPendingBit
    usart.o(i.USART1_IRQHandler) refers to stm32f10x_usart.o(i.USART_SendData) for USART_SendData
    usart.o(i.USART1_IRQHandler) refers to os_core.o(i.OSIntExit) for OSIntExit
    usart.o(i.USART1_IRQHandler) refers to sim900.o(.data) for tempBuffP
    usart.o(i.USART1_IRQHandler) refers to sim900.o(.bss) for Sim900AReceiveBuff
    usart.o(i.USART2_Config) refers to stm32f10x_rcc.o(i.RCC_APB1PeriphClockCmd) for RCC_APB1PeriphClockCmd
    usart.o(i.USART2_Config) refers to stm32f10x_rcc.o(i.RCC_APB2PeriphClockCmd) for RCC_APB2PeriphClockCmd
    usart.o(i.USART2_Config) refers to stm32f10x_gpio.o(i.GPIO_Init) for GPIO_Init
    usart.o(i.USART2_Config) refers to misc.o(i.NVIC_Init) for NVIC_Init
    usart.o(i.USART2_Config) refers to stm32f10x_usart.o(i.USART_Init) for USART_Init
    usart.o(i.USART2_Config) refers to stm32f10x_usart.o(i.USART_Cmd) for USART_Cmd
[...]
    ../clib/microlib/malloc/mvars.c          0x00000000   Number         0  mvars.o ABSOLUTE
    ../clib/microlib/printf/printf.c         0x00000000   Number         0  printf7.o ABSOLUTE
    ../clib/microlib/printf/printf.c         0x00000000   Number         0  printf8.o ABSOLUTE
    ../clib/microlib/printf/printf.c         0x00000000   Number         0  printfa.o ABSOLUTE
    ../clib/microlib/printf/printf.c         0x00000000   Number         0  printf3.o ABSOLUTE
    ../clib/microlib/printf/printf.c         0x00000000   Number         0  printfb.o ABSOLUTE
    ../clib/microlib/printf/printf.c         0x00000000   Number         0  printf0.o ABSOLUTE
    ../clib/microlib/printf/printf.c         0x00000000   Number         0  printf1.o ABSOLUTE
    ../clib/microlib/printf/printf.c         0x00000000   Number         0  printf5.o ABSOLUTE
    ../clib/microlib/printf/printf.c         0x00000000   Number         0  printf2.o ABSOLUTE
    ../clib/microlib/printf/printf.c         0x00000000   Number         0  printf4.o ABSOLUTE
    ../clib/microlib/printf/printf.c         0x00000000   Number         0  printf6.o ABSOLUTE
    ../clib/microlib/printf/stubs.s          0x00000000   Number         0  stubs.o ABSOLUTE
    ../clib/microlib/stdio/streams.c         0x00000000   Number         0  stdout.o ABSOLUTE
    ../clib/microlib/string/memcpy.c         0x00000000   Number         0  memcpyb.o ABSOLUTE
    ../clib/microlib/string/memcpy.c         0x00000000   Number         0  memcpya.o ABSOLUTE
    ../clib/microlib/string/memset.c         0x00000000   Number         0  memseta.o ABSOLUTE
    ../clib/microlib/string/strcmp.c         0x00000000   Number         0  strcmp.o ABSOLUTE
    ../clib/microlib/string/strcpy.c         0x00000000   Number         0  strcpy.o ABSOLUTE
    ../clib/microlib/string/strlen.c         0x00000000   Number         0  strlen.o ABSOLUTE
    ../clib/microlib/string/strncmp.c        0x00000000   Number         0  strncmp.o ABSOLUTE
    ../clib/microlib/string/strncpy.c        0x00000000   Number         0  strncpy.o ABSOLUTE
    ../clib/microlib/stubs.s                 0x00000000   Number         0  iusefp.o ABSOLUTE
    ../clib/scanf.c                          0x00000000   Number         0  scanf_fp.o ABSOLUTE
    ../clib/scanf.c                          0x00000000   Number         0  _chval.o ABSOLUTE
    ../clib/scanf.c                          0x00000000   Number         0  scanf_char.o ABSOLUTE
    ../clib/scanf.c                          0x00000000   Number         0  strtol.o ABSOLUTE
    ../clib/scanf.c                          0x00000000   Number         0  strtod.o ABSOLUTE
    ../clib/scanf.c                          0x00000000   Number         0  __0sscanf.o ABSOLUTE
    ../clib/scanf.c                          0x00000000   Number         0  atoi.o ABSOLUTE
    ../clib/scanf.c                          0x00000000   Number         0  _scanf.o ABSOLUTE
    ../clib/scanf.c                          0x00000000   Number         0  _strtoul.o ABSOLUTE
    ../clib/scanf.c                          0x00000000   Number         0  _sgetc.o ABSOLUTE
    ../fplib/microlib/d2f.c                  0x00000000   Number         0  d2f.o ABSOLUTE
    ../fplib/microlib/f2d.c                  0x00000000   Number         0  f2d.o ABSOLUTE
    ../fplib/microlib/fpadd.c                0x00000000   Number         0  dadd.o ABSOLUTE
    ../fplib/microlib/fpdiv.c                0x00000000   Number         0  ddiv.o ABSOLUTE
    ../fplib/microlib/fpepilogue.c           0x00000000   Number         0  depilogue.o ABSOLUTE
    ../fplib/microlib/fpepilogue.c           0x00000000   Number         0  fepilogue.o ABSOLUTE
    ../fplib/microlib/fpfix.c                0x00000000   Number         0  dfixul.o ABSOLUTE
    ../fplib/microlib/fpfix.c                0x00000000   Number         0  dfixi.o ABSOLUTE
    ../fplib/microlib/fpflt.c                0x00000000   Number         0  dfltul.o ABSOLUTE
    ../fplib/microlib/fpflt.c                0x00000000   Number         0  dflti.o ABSOLUTE
    ../fplib/microlib/fpmul.c                0x00000000   Number         0  dmul.o ABSOLUTE
    ../fplib/microlib/fpscalb.c              0x00000000   Number         0  dscalb.o ABSOLUTE
    ../mathlib/strtod.c                      0x00000000   Number         0  strtod.o ABSOLUTE
    ..\APP\DS18B20\ds18b20.c                 0x00000000   Number         0  ds18b20.o ABSOLUTE
    ..\APP\GPIOInput\GpioInput.c             0x00000000   Number         0  gpioinput.o ABSOLUTE
    ..\APP\JSON\cJSON.c                      0x00000000   Number         0  cjson.o ABSOLUTE
    ..\APP\LED\led.c                         0x00000000   Number         0  led.o ABSOLUTE
    ..\APP\MQTT\mqtt.c                       0x00000000   Number         0  mqtt.o ABSOLUTE
    ..\APP\PlantformService\PlantformService.c 0x00000000   Number         0  plantformservice.o ABSOLUTE
    ..\APP\SIM900\SIM900.c                   0x00000000   Number         0  sim900.o ABSOLUTE
    ..\APP\STM32\stm32f10x_it.c              0x00000000   Number         0  stm32f10x_it.o ABSOLUTE
    ..\APP\interface\PlantformMessage.c      0x00000000   Number         0  plantformmessage.o ABSOLUTE
    ..\APP\main.c                            0x00000000   Number         0  main.o ABSOLUTE
    ..\APP\usart\usart.c                     0x00000000   Number         0  usart.o ABSOLUTE
    ..\Libraries\CMSIS\CM3\CoreSupport\core_cm3.c 0x00000000   Number         0  core_cm3.o ABSOLUTE
    ..\Libraries\CMSIS\CM3\DeviceSupport\ST\STM32F10x\startup\arm\startup_stm32f10x_hd.s 0x00000000   Number         0  startup_stm32f10x_hd.o ABSOLUTE
    ..\Libraries\CMSIS\CM3\DeviceSupport\ST\STM32F10x\system_stm32f10x.c 0x00000000   Number         0  system_stm32f10x.o ABSOLUTE
    ..\Libraries\STM32F10x_StdPeriph_Driver\src\misc.c 0x00000000   Number         0  misc.o ABSOLUTE
    ..\Libraries\STM32F10x_StdPeriph_Driver\src\stm32f10x_fsmc.c 0x00000000   Number         0  stm32f10x_fsmc.o ABSOLUTE
    ..\Libraries\STM32F10x_StdPeriph_Driver\src\stm32f10x_gpio.c 0x00000000   Number         0  stm32f10x_gpio.o ABSOLUTE
    ..\Libraries\STM32F10x_StdPeriph_Driver\src\stm32f10x_rcc.c 0x00000000   Number         0  stm32f10x_rcc.o ABSOLUTE
    ..\Libraries\STM32F10x_StdPeriph_Driver\src\stm32f10x_usart.c 0x00000000   Number         0  stm32f10x_usart.o ABSOLUTE
    ..\UCOSII\CORE\os_core.c                 0x00000000   Number         0  os_core.o ABSOLUTE
    ..\UCOSII\CORE\os_flag.c                 0x00000000   Number         0  os_flag.o ABSOLUTE
    ..\UCOSII\CORE\os_mbox.c                 0x00000000   Number         0  os_mbox.o ABSOLUTE
    ..\UCOSII\CORE\os_mem.c                  0x00000000   Number         0  os_mem.o ABSOLUTE
    ..\UCOSII\CORE\os_mutex.c                0x00000000   Number         0  os_mutex.o ABSOLUTE
    ..\UCOSII\CORE\os_q.c                    0x00000000   Number         0  os_q.o ABSOLUTE
    ..\UCOSII\CORE\os_sem.c                  0x00000000   Number         0  os_sem.o ABSOLUTE
    ..\UCOSII\CORE\os_task.c                 0x00000000   Number         0  os_task.o ABSOLUTE
    ..\UCOSII\CORE\os_time.c                 0x00000000   Number         0  os_time.o ABSOLUTE
    ..\UCOSII\CORE\os_tmr.c                  0x00000000   Number         0  os_tmr.o ABSOLUTE
    ..\UCOSII\PORT\os_cpu_a.asm              0x00000000   Number         0  os_cpu_a.o ABSOLUTE
    ..\UCOSII\PORT\os_cpu_c.c                0x00000000   Number         0  os_cpu_c.o ABSOLUTE
    ..\UCOSII\PORT\os_dbg.c                  0x00000000   Number         0  os_dbg.o ABSOLUTE
    ..\\Libraries\\CMSIS\\CM3\\CoreSupport\\core_cm3.c 0x00000000   Number         0  core_cm3.o ABSOLUTE
    cdcmple.s                                0x00000000   Number         0  cdcmple.o ABSOLUTE
    cdrcmple.s                               0x00000000   Number         0  cdrcmple.o ABSOLUTE
    dc.s                                     0x00000000   Number         0  dc.o ABSOLUTE
    handlers.s                               0x00000000   Number         0  handlers.o ABSOLUTE
    init.s                                   0x00000000   Number         0  init.o ABSOLUTE
    RESET                                    0x08000000   Section      304  startup_stm32f10x_hd.o(RESET)
    .ARM.Collect$$$$00000000                 0x08000130   Section        0  entry.o(.ARM.Collect$$$$00000000)
    .ARM.Collect$$$$00000001                 0x08000130   Section        4  entry2.o(.ARM.Collect$$$$00000001)
    .ARM.Collect$$$$00000004                 0x08000134   Section        4  entry5.o(.ARM.Collect$$$$00000004)
    .ARM.Collect$$$$00000008                 0x08000138   Section        0  entry7b.o(.ARM.Collect$$$$00000008)
    .ARM.Collect$$$$0000000A                 0x08000138   Section        0  entry8b.o(.ARM.Collect$$$$0000000A)
    .ARM.Collect$$$$0000000B                 0x08000138   Section        8  entry9a.o(.ARM.Collect$$$$0000000B)
    .ARM.Collect$$$$0000000D                 0x08000140   Section        0  entry10a.o(.ARM.Collect$$$$0000000D)
    .ARM.Collect$$$$0000000F                 0x08000140   Section        0  entry11a.o(.ARM.Collect$$$$0000000F)
    .ARM.Collect$$$$00002712                 0x08000140   Section        4  entry2.o(.ARM.Collect$$$$00002712)
    __lit__00000000                          0x08000140   Data           4  entry2.o(.ARM.Collect$$$$00002712)
    .text                                    0x08000144   Section       36  startup_stm32f10x_hd.o(.text)
    .text                                    0x08000168   Section      180  os_cpu_a.o(.text)
    .text                                    0x0800021c   Section        0  memcpya.o(.text)
    .text                                    0x08000240   Section        0  memseta.o(.text)
    .text                                    0x08000264   Section        0  strncpy.o(.text)
    .text                                    0x0800027c   Section        0  strlen.o(.text)
    .text                                    0x0800028a   Section        0  strcpy.o(.text)
    .text                                    0x0800029c   Section        0  atoi.o(.text)
    .text                                    0x080002b6   Section        0  dadd.o(.text)
    .text                                    0x08000404   Section        0  dscalb.o(.text)
    .text                                    0x08000432   Section        0  dflti.o(.text)
    .text                                    0x08000454   Section        0  dfixi.o(.text)
    .text                                    0x08000492   Section        0  f2d.o(.text)
    .text                                    0x080004b8   Section       40  cdrcmple.o(.text)
    .text                                    0x080004e0   Section        0  d2f.o(.text)
    .text                                    0x08000518   Section        0  uidiv.o(.text)
    .text                                    0x08000544   Section        0  uldiv.o(.text)
    .text                                    0x080005a6   Section        0  llshl.o(.text)
    .text                                    0x080005c4   Section        0  llushr.o(.text)
    .text                                    0x080005e4   Section        0  llsshr.o(.text)
    .text                                    0x08000608   Section        0  strtol.o(.text)
    .text                                    0x08000678   Section        0  iusefp.o(.text)
    .text                                    0x08000678   Section        0  fepilogue.o(.text)
    .text                                    0x080006e4   Section        0  depilogue.o(.text)
    .text                                    0x080007a2   Section        0  dmul.o(.text)
    .text                                    0x08000886   Section        0  ddiv.o(.text)
    .text                                    0x08000964   Section        0  dfixul.o(.text)
    .text                                    0x08000994   Section       36  init.o(.text)
    .text                                    0x080009b8   Section        0  ctype_o.o(.text)
    .text                                    0x080009c0   Section        0  _strtoul.o(.text)
    .text                                    0x08000a5e   Section        0  _chval.o(.text)
    i.BusFault_Handler                       0x08000a7a   Section        0  stm32f10x_it.o(i.BusFault_Handler)
    i.CheckSIMStatus                         0x08000a7c   Section        0  sim900.o(i.CheckSIMStatus)
    i.CheckTargetBuffReveived                0x08000bb0   Section        0  sim900.o(i.CheckTargetBuffReveived)
    i.ClearSim900AReceiveBuff                0x08000c08   Section        0  sim900.o(i.ClearSim900AReceiveBuff)
    i.ConfirmIfEndReceive                    0x08000c40   Section        0  sim900.o(i.ConfirmIfEndReceive)
    i.CreateMailBox                          0x08000d14   Section        0  plantformservice.o(i.CreateMailBox)
    i.CreatePlantFormCenter                  0x08000d28   Section        0  plantformservice.o(i.CreatePlantFormCenter)
    i.DS18B20Task                            0x08000d2c   Section        0  ds18b20.o(i.DS18B20Task)
    i.DS18B20_Get_Temp                       0x08000e0c   Section        0  ds18b20.o(i.DS18B20_Get_Temp)
    i.DS18B20_Init                           0x08000e68   Section        0  ds18b20.o(i.DS18B20_Init)
    i.DS18B20_Mode_IPU                       0x08000ec8   Section        0  ds18b20.o(i.DS18B20_Mode_IPU)
    DS18B20_Mode_IPU                         0x08000ec9   Thumb Code    24  ds18b20.o(i.DS18B20_Mode_IPU)
    i.DS18B20_Mode_Out_PP                    0x08000ee4   Section        0  ds18b20.o(i.DS18B20_Mode_Out_PP)
    DS18B20_Mode_Out_PP                      0x08000ee5   Thumb Code    28  ds18b20.o(i.DS18B20_Mode_Out_PP)
    i.DS18B20_Presence                       0x08000f04   Section        0  ds18b20.o(i.DS18B20_Presence)
    DS18B20_Presence                         0x08000f05   Thumb Code    84  ds18b20.o(i.DS18B20_Presence)
    i.DS18B20_Read_Byte                      0x08000f5c   Section        0  ds18b20.o(i.DS18B20_Read_Byte)
    i.DS18B20_Rst                            0x08000fa8   Section        0  ds18b20.o(i.DS18B20_Rst)
    DS18B20_Rst                              0x08000fa9   Thumb Code    42  ds18b20.o(i.DS18B20_Rst)
    i.DS18B20_Write_Byte                     0x08000fd8   Section        0  ds18b20.o(i.DS18B20_Write_Byte)
    i.DebugMon_Handler                       0x08001030   Section        0  stm32f10x_it.o(i.DebugMon_Handler)
    i.Delay_us                               0x08001032   Section        0  ds18b20.o(i.Delay_us)
    i.GPIOInputConfig                        0x08001048   Section        0  gpioinput.o(i.GPIOInputConfig)
    i.GPIO_Init                              0x0800106c   Section        0  stm32f10x_gpio.o(i.GPIO_Init)
    i.GPIO_ReadInputDataBit                  0x0800110a   Section        0  stm32f10x_gpio.o(i.GPIO_ReadInputDataBit)
    i.GPIO_ResetBits                         0x08001118   Section        0  stm32f10x_gpio.o(i.GPIO_ResetBits)
    i.GPIO_SetBits                           0x0800111c   Section        0  stm32f10x_gpio.o(i.GPIO_SetBits)
    i.GPRSConnect                            0x08001120   Section        0  sim900.o(i.GPRSConnect)
    i.GPRSSendMsg                            0x08001284   Section        0  sim900.o(i.GPRSSendMsg)
    i.HardFault_Handler                      0x08001394   Section        0  stm32f10x_it.o(i.HardFault_Handler)
    i.LEDGPIOConfig                          0x08001398   Section        0  led.o(i.LEDGPIOConfig)
    i.LEDRunningTask                         0x08001410   Section        0  led.o(i.LEDRunningTask)
    i.MemManage_Handler                      0x080014c0   Section        0  stm32f10x_it.o(i.MemManage_Handler)
    i.NMI_Handler                            0x080014c2   Section        0  stm32f10x_it.o(i.NMI_Handler)
    i.NVIC_Init                              0x080014c4   Section        0  misc.o(i.NVIC_Init)
    i.OSInit                                 0x08001528   Section        0  os_core.o(i.OSInit)
    i.OSInitHookBegin                        0x0800163c   Section        0  os_cpu_c.o(i.OSInitHookBegin)
    i.OSInitHookEnd                          0x0800163e   Section        0  os_cpu_c.o(i.OSInitHookEnd)
    i.OSIntEnter                             0x08001640   Section        0  os_core.o(i.OSIntEnter)
    i.OSIntExit                              0x08001658   Section        0  os_core.o(i.OSIntExit)
    i.OSMboxCreate                           0x080016b4   Section        0  os_mbox.o(i.OSMboxCreate)
    i.OSMboxPost                             0x080016f4   Section        0  os_mbox.o(i.OSMboxPost)
    i.OSMutexCreate                          0x08001740   Section        0  os_mutex.o(i.OSMutexCreate)
    i.OSMutexPend                            0x080017c8   Section        0  os_mutex.o(i.OSMutexPend)
    i.OSMutexPost                            0x0800198c   Section        0  os_mutex.o(i.OSMutexPost)
    i.OSMutex_RdyAtPrio                      0x08001a3c   Section        0  os_mutex.o(i.OSMutex_RdyAtPrio)
    OSMutex_RdyAtPrio                        0x08001a3d   Thumb Code    86  os_mutex.o(i.OSMutex_RdyAtPrio)
    i.OSSchedLock                            0x08001aa4   Section        0  os_core.o(i.OSSchedLock)
    i.OSSchedUnlock                          0x08001ad0   Section        0  os_core.o(i.OSSchedUnlock)
    i.OSStart                                0x08001b0c   Section        0  os_core.o(i.OSStart)
    i.OSTCBInitHook                          0x08001b3c   Section        0  os_cpu_c.o(i.OSTCBInitHook)
    i.OSTaskCreate                           0x08001b40   Section        0  os_task.o(i.OSTaskCreate)
    i.OSTaskCreateExt                        0x08001bc8   Section        0  os_task.o(i.OSTaskCreateExt)
    i.OSTaskCreateHook                       0x08001c64   Section        0  os_cpu_c.o(i.OSTaskCreateHook)
    i.OSTaskIdleHook                         0x08001c66   Section        0  os_cpu_c.o(i.OSTaskIdleHook)
    i.OSTaskNameSet                          0x08001c68   Section        0  os_task.o(i.OSTaskNameSet)
    i.OSTaskStatHook                         0x08001cc0   Section        0  os_cpu_c.o(i.OSTaskStatHook)
    i.OSTaskStkChk                           0x08001cc4   Section        0  os_task.o(i.OSTaskStkChk)
    i.OSTaskStkInit                          0x08001d38   Section        0  os_cpu_c.o(i.OSTaskStkInit)
    i.OSTaskSuspend                          0x08001dac   Section        0  os_task.o(i.OSTaskSuspend)
    i.OSTaskSwHook                           0x08001e40   Section        0  os_cpu_c.o(i.OSTaskSwHook)
    i.OSTimeDly                              0x08001e44   Section        0  os_time.o(i.OSTimeDly)
    i.OSTimeDlyHMSM                          0x08001eac   Section        0  os_time.o(i.OSTimeDlyHMSM)
    i.OSTimeTick                             0x08001ef8   Section        0  os_core.o(i.OSTimeTick)
    i.OSTimeTickHook                         0x08001f98   Section        0  os_cpu_c.o(i.OSTimeTickHook)
    i.OS_EventTaskRdy                        0x08001f9c   Section        0  os_core.o(i.OS_EventTaskRdy)
    i.OS_EventTaskRemove                     0x08002008   Section        0  os_core.o(i.OS_EventTaskRemove)
    i.OS_EventTaskWait                       0x08002028   Section        0  os_core.o(i.OS_EventTaskWait)
    i.OS_EventWaitListInit                   0x08002070   Section        0  os_core.o(i.OS_EventWaitListInit)
    i.OS_FlagInit                            0x08002084   Section        0  os_flag.o(i.OS_FlagInit)
    i.OS_InitTCBList                         0x080020cc   Section        0  os_core.o(i.OS_InitTCBList)
    OS_InitTCBList                           0x080020cd   Thumb Code    96  os_core.o(i.OS_InitTCBList)
    i.OS_MemClr                              0x0800213c   Section        0  os_core.o(i.OS_MemClr)
    i.OS_QInit                               0x08002150   Section        0  os_q.o(i.OS_QInit)
    i.OS_Sched                               0x08002190   Section        0  os_core.o(i.OS_Sched)
    i.OS_SchedNew                            0x080021d8   Section        0  os_core.o(i.OS_SchedNew)
    OS_SchedNew                              0x080021d9   Thumb Code    24  os_core.o(i.OS_SchedNew)
    i.OS_TCBInit                             0x080021f8   Section        0  os_core.o(i.OS_TCBInit)
    i.OS_TaskIdle                            0x080022e0   Section        0  os_core.o(i.OS_TaskIdle)
    i.OS_TaskStat                            0x080022fc   Section        0  os_core.o(i.OS_TaskStat)
    i.OS_TaskStatStkChk                      0x08002354   Section        0  os_core.o(i.OS_TaskStatStkChk)
    i.OS_TaskStkClr                          0x0800238c   Section        0  os_task.o(i.OS_TaskStkClr)
    i.RCC_APB1PeriphClockCmd                 0x080023a4   Section        0  stm32f10x_rcc.o(i.RCC_APB1PeriphClockCmd)
    i.RCC_APB2PeriphClockCmd                 0x080023bc   Section        0  stm32f10x_rcc.o(i.RCC_APB2PeriphClockCmd)
    i.RCC_Configuration                      0x080023d4   Section        0  main.o(i.RCC_Configuration)
    i.RCC_DeInit                             0x0800242c   Section        0  stm32f10x_rcc.o(i.RCC_DeInit)
    i.RCC_GetClocksFreq                      0x0800246c   Section        0  stm32f10x_rcc.o(i.RCC_GetClocksFreq)
    i.RCC_GetFlagStatus                      0x08002500   Section        0  stm32f10x_rcc.o(i.RCC_GetFlagStatus)
    i.RCC_GetSYSCLKSource                    0x08002530   Section        0  stm32f10x_rcc.o(i.RCC_GetSYSCLKSource)
    i.RCC_HCLKConfig                         0x08002540   Section        0  stm32f10x_rcc.o(i.RCC_HCLKConfig)
    i.RCC_HSEConfig                          0x08002554   Section        0  stm32f10x_rcc.o(i.RCC_HSEConfig)
    i.RCC_PCLK1Config                        0x08002588   Section        0  stm32f10x_rcc.o(i.RCC_PCLK1Config)
    i.RCC_PCLK2Config                        0x0800259c   Section        0  stm32f10x_rcc.o(i.RCC_PCLK2Config)
    i.RCC_PLLCmd                             0x080025b0   Section        0  stm32f10x_rcc.o(i.RCC_PLLCmd)
    i.RCC_PLLConfig                          0x080025bc   Section        0  stm32f10x_rcc.o(i.RCC_PLLConfig)
    i.RCC_SYSCLKConfig                       0x080025d0   Section        0  stm32f10x_rcc.o(i.RCC_SYSCLKConfig)
    i.RCC_WaitForHSEStartUp                  0x080025e4   Section        0  stm32f10x_rcc.o(i.RCC_WaitForHSEStartUp)
    i.SIM900Process                          0x08002610   Section        0  sim900.o(i.SIM900Process)
    i.SVC_Handler                            0x080027cc   Section        0  stm32f10x_it.o(i.SVC_Handler)
    i.SendCharSim900A                        0x080027d0   Section        0  sim900.o(i.SendCharSim900A)
    i.SendMsgToSim900A                       0x080027f4   Section        0  sim900.o(i.SendMsgToSim900A)
    i.SendMsgToSim900AWithCount              0x08002808   Section        0  sim900.o(i.SendMsgToSim900AWithCount)
    i.SetSysClockTo72                        0x08002820   Section        0  system_stm32f10x.o(i.SetSysClockTo72)
    SetSysClockTo72                          0x08002821   Thumb Code   160  system_stm32f10x.o(i.SetSysClockTo72)
    i.Sim900AReceiveData                     0x080028c8   Section        0  sim900.o(i.Sim900AReceiveData)
    i.StartUpTask                            0x08002974   Section        0  main.o(i.StartUpTask)
    i.SysTick_Handler                        0x08002982   Section        0  stm32f10x_it.o(i.SysTick_Handler)
    i.SystemInit                             0x08002994   Section        0  system_stm32f10x.o(i.SystemInit)
    i.USART1_Config                          0x080029d4   Section        0  usart.o(i.USART1_Config)
    i.USART1_IRQHandler                      0x08002a78   Section        0  usart.o(i.USART1_IRQHandler)
    i.USART2_Config                          0x08002ad0   Section        0  usart.o(i.USART2_Config)
    i.USART2_IRQHandler                      0x08002b78   Section        0  usart.o(i.USART2_IRQHandler)
    i.USART3_IRQHandler                      0x08002bb4   Section        0  usart.o(i.USART3_IRQHandler)
    i.USART_ClearITPendingBit                0x08002c14   Section        0  stm32f10x_usart.o(i.USART_ClearITPendingBit)
    i.USART_Cmd                              0x08002c20   Section        0  stm32f10x_usart.o(i.USART_Cmd)
    i.USART_GetFlagStatus                    0x08002c34   Section        0  stm32f10x_usart.o(i.USART_GetFlagStatus)
    i.USART_GetITStatus                      0x08002c42   Section        0  stm32f10x_usart.o(i.USART_GetITStatus)
    i.USART_ITConfig                         0x08002c80   Section        0  stm32f10x_usart.o(i.USART_ITConfig)
    i.USART_Init                             0x08002cb0   Section        0  stm32f10x_usart.o(i.USART_Init)
    i.USART_ReceiveData                      0x08002d64   Section        0  stm32f10x_usart.o(i.USART_ReceiveData)
    i.USART_SendData                         0x08002d6c   Section        0  stm32f10x_usart.o(i.USART_SendData)
    i.UsageFault_Handler                     0x08002d74   Section        0  stm32f10x_it.o(i.UsageFault_Handler)
    i.Usart1DateHandle                       0x08002d78   Section        0  usart.o(i.Usart1DateHandle)
    i.UsartProcess                           0x08002db0   Section        0  usart.o(i.UsartProcess)
    i.__0printf                              0x08002e28   Section        0  printfa.o(i.__0printf)
    i.__0sprintf                             0x08002e48   Section        0  printfa.o(i.__0sprintf)
    i.__aeabi_errno_addr                     0x08002e70   Section        0  errno.o(i.__aeabi_errno_addr)
    i.__scatterload_copy                     0x08002e78   Section       14  handlers.o(i.__scatterload_copy)
    i.__scatterload_null                     0x08002e86   Section        2  handlers.o(i.__scatterload_null)
    i.__scatterload_zeroinit                 0x08002e88   Section       14  handlers.o(i.__scatterload_zeroinit)
    i._fp_digits                             0x08002e98   Section        0  printfa.o(i._fp_digits)
    _fp_digits                               0x08002e99   Thumb Code   326  printfa.o(i._fp_digits)
    i._printf_core                           0x08002ff4   Section        0  printfa.o(i._printf_core)
    _printf_core                             0x08002ff5   Thumb Code  1762  printfa.o(i._printf_core)
    i._printf_post_padding                   0x080036e4   Section        0  printfa.o(i._printf_post_padding)
    _printf_post_padding                     0x080036e5   Thumb Code    38  printfa.o(i._printf_post_padding)
    i._printf_pre_padding                    0x0800370a   Section        0  printfa.o(i._printf_pre_padding)
    _printf_pre_padding                      0x0800370b   Thumb Code    48  printfa.o(i._printf_pre_padding)
    i._sputc                                 0x0800373a   Section        0  printfa.o(i._sputc)
    _sputc                                   0x0800373b   Thumb Code    10  printfa.o(i._sputc)
    i.bytesbytes                             0x08003744   Section        0  sim900.o(i.bytesbytes)
    i.fputc                                  0x08003770   Section        0  usart.o(i.fputc)
    i.main                                   0x08003794   Section        0  main.o(i.main)
    i.mqtt_connect_message                   0x08003830   Section        0  mqtt.o(i.mqtt_connect_message)
    .constdata                               0x0800392a   Section      256  os_core.o(.constdata)
    .constdata                               0x08003a2a   Section      129  ctype_o.o(.constdata)
    .constdata                               0x08003aac   Section        4  ctype_o.o(.constdata)
    table                                    0x08003aac   Data           4  ctype_o.o(.constdata)
    .conststring                             0x08003ab0   Section       97  sim900.o(.conststring)
    .data                                    0x20000000   Section        5  usart.o(.data)
    .data                                    0x20000008   Section       82  sim900.o(.data)
    .data                                    0x2000005c   Section        4  plantformservice.o(.data)
    .data                                    0x20000060   Section        8  ds18b20.o(.data)
    .data                                    0x20000068   Section       20  stm32f10x_rcc.o(.data)
    ADCPrescTable                            0x20000068   Data           4  stm32f10x_rcc.o(.data)
    APBAHBPrescTable                         0x2000006c   Data          16  stm32f10x_rcc.o(.data)
    .data                                    0x2000007c   Section       60  os_core.o(.data)
    .data                                    0x200000b8   Section        4  os_core.o(.data)
    .data                                    0x200000bc   Section        4  os_core.o(.data)
    .data                                    0x200000c0   Section        4  stdout.o(.data)
    .data                                    0x200000c4   Section        4  errno.o(.data)
    _errno                                   0x200000c4   Data           4  errno.o(.data)
    .bss                                     0x200000c8   Section      800  main.o(.bss)
    .bss                                     0x200003e8   Section      800  led.o(.bss)
    .bss                                     0x20000708   Section      800  usart.o(.bss)
    .bss                                     0x20000a28   Section      256  usart.o(.bss)
    .bss                                     0x20000b28   Section     4000  sim900.o(.bss)
    .bss                                     0x20001ac8   Section      500  sim900.o(.bss)
    .bss                                     0x20001cbc   Section      800  ds18b20.o(.bss)
    .bss                                     0x20001fdc   Section     2488  os_core.o(.bss)
    .bss                                     0x20002994   Section       80  os_core.o(.bss)
    .bss                                     0x200029e4   Section      120  os_core.o(.bss)
    STACK                                    0x20002a60   Section     1024  startup_stm32f10x_hd.o(STACK)

    Global Symbols

    Symbol Name                              Value     Ov Type        Size  Object(Section)

    BuildAttributes$$THM_ISAv4$P$D$K$B$S$PE$A:L22UL41UL21$X:L11$S22US41US21$IEEE1$IW$USESV6$~STKCKD$USESV7$~SHL$OTIME$ROPI$IEEEJ$EBA8$MICROLIB$REQ8$PRES8$EABIv2 0x00000000   Number         0  anon$$obj.o ABSOLUTE
    __ARM_use_no_argv                        0x00000000   Number         0  main.o ABSOLUTE
    _printf_a                                0x00000000   Number         0  stubs.o ABSOLUTE
    _printf_c                                0x00000000   Number         0  stubs.o ABSOLUTE
    _printf_charcount                        0x00000000   Number         0  stubs.o ABSOLUTE
    _printf_d                                0x00000000   Number         0  stubs.o ABSOLUTE
    _printf_e                                0x00000000   Number         0  stubs.o ABSOLUTE
    _printf_f                                0x00000000   Number         0  stubs.o ABSOLUTE
    _printf_flags                            0x00000000   Number         0  stubs.o ABSOLUTE
    _printf_fp_dec                           0x00000000   Number         0  stubs.o ABSOLUTE
    _printf_fp_hex                           0x00000000   Number         0  stubs.o ABSOLUTE
    _printf_g                                0x00000000   Number         0  stubs.o ABSOLUTE
    _printf_i                                0x00000000   Number         0  stubs.o ABSOLUTE
    _printf_int_dec                          0x00000000   Number         0  stubs.o ABSOLUTE
    _printf_l                                0x00000000   Number         0  stubs.o ABSOLUTE
    _printf_lc                               0x00000000   Number         0  stubs.o ABSOLUTE
    _printf_ll                               0x00000000   Number         0  stubs.o ABSOLUTE
    _printf_lld                              0x00000000   Number         0  stubs.o ABSOLUTE
    _printf_lli                              0x00000000   Number         0  stubs.o ABSOLUTE
    _printf_llo                              0x00000000   Number         0  stubs.o ABSOLUTE
    _printf_llu                              0x00000000   Number         0  stubs.o ABSOLUTE
    _printf_llx                              0x00000000   Number         0  stubs.o ABSOLUTE
    _printf_longlong_dec                     0x00000000   Number         0  stubs.o ABSOLUTE
    _printf_longlong_hex                     0x00000000   Number         0  stubs.o ABSOLUTE
    _printf_longlong_oct                     0x00000000   Number         0  stubs.o ABSOLUTE
    _printf_ls                               0x00000000   Number         0  stubs.o ABSOLUTE
    _printf_mbtowc                           0x00000000   Number         0  stubs.o ABSOLUTE
    _printf_n                                0x00000000   Number         0  stubs.o ABSOLUTE
    _printf_o                                0x00000000   Number         0  stubs.o ABSOLUTE
    _printf_p                                0x00000000   Number         0  stubs.o ABSOLUTE
    _printf_percent                          0x00000000   Number         0  stubs.o ABSOLUTE
    _printf_pre_padding                      0x00000000   Number         0  stubs.o ABSOLUTE
    _printf_return_value                     0x00000000   Number         0  stubs.o ABSOLUTE
    _printf_s                                0x00000000   Number         0  stubs.o ABSOLUTE
    _printf_sizespec                         0x00000000   Number         0  stubs.o ABSOLUTE
    _printf_str                              0x00000000   Number         0  stubs.o ABSOLUTE
    _printf_truncate_signed                  0x00000000   Number         0  stubs.o ABSOLUTE
    _printf_truncate_unsigned                0x00000000   Number         0  stubs.o ABSOLUTE
    _printf_u                                0x00000000   Number         0  stubs.o ABSOLUTE
    _printf_wc                               0x00000000   Number         0  stubs.o ABSOLUTE
    _printf_wctomb                           0x00000000   Number         0  stubs.o ABSOLUTE
    _printf_widthprec                        0x00000000   Number         0  stubs.o ABSOLUTE
    _printf_x                                0x00000000   Number         0  stubs.o ABSOLUTE
    __cpp_initialize__aeabi_                  - Undefined Weak Reference
    __cxa_finalize                            - Undefined Weak Reference
    __decompress                              - Undefined Weak Reference
    _clock_init                               - Undefined Weak Reference
    _microlib_exit                            - Undefined Weak Reference
    _scanf_int                                - Undefined Weak Reference
    _scanf_longlong                           - Undefined Weak Reference
    _scanf_string                             - Undefined Weak Reference
    __Vectors_Size                           0x00000130   Number         0  startup_stm32f10x_hd.o ABSOLUTE
    __Vectors                                0x08000000   Data           4  startup_stm32f10x_hd.o(RESET)
    __Vectors_End                            0x08000130   Data           0  startup_stm32f10x_hd.o(RESET)
    __main                                   0x08000131   Thumb Code     0  entry.o(.ARM.Collect$$$$00000000)
    _main_stk                                0x08000131   Thumb Code     0  entry2.o(.ARM.Collect$$$$00000001)
    _main_scatterload                        0x08000135   Thumb Code     0  entry5.o(.ARM.Collect$$$$00000004)
    __main_after_scatterload                 0x08000139   Thumb Code     0  entry5.o(.ARM.Collect$$$$00000004)
    _main_clock                              0x08000139   Thumb Code     0  entry7b.o(.ARM.Collect$$$$00000008)
    _main_cpp_init                           0x08000139   Thumb Code     0  entry8b.o(.ARM.Collect$$$$0000000A)
    _main_init                               0x08000139   Thumb Code     0  entry9a.o(.ARM.Collect$$$$0000000B)
    __rt_final_cpp                           0x08000141   Thumb Code     0  entry10a.o(.ARM.Collect$$$$0000000D)
    __rt_final_exit                          0x08000141   Thumb Code     0  entry11a.o(.ARM.Collect$$$$0000000F)
    Reset_Handler                            0x08000145   Thumb Code     8  startup_stm32f10x_hd.o(.text)
    ADC1_2_IRQHandler                        0x0800015f   Thumb Code     0  startup_stm32f10x_hd.o(.text)
    ADC3_IRQHandler                          0x0800015f   Thumb Code     0  startup_stm32f10x_hd.o(.text)
    CAN1_RX1_IRQHandler                      0x0800015f   Thumb Code     0  startup_stm32f10x_hd.o(.text)
    CAN1_SCE_IRQHandler                      0x0800015f   Thumb Code     0  startup_stm32f10x_hd.o(.text)
    DMA1_Channel1_IRQHandler                 0x0800015f   Thumb Code     0  startup_stm32f10x_hd.o(.text)
    DMA1_Channel2_IRQHandler                 0x0800015f   Thumb Code     0  startup_stm32f10x_hd.o(.text)
    DMA1_Channel3_IRQHandler                 0x0800015f   Thumb Code     0  startup_stm32f10x_hd.o(.text)
    DMA1_Channel4_IRQHandler                 0x0800015f   Thumb Code     0  startup_stm32f10x_hd.o(.text)
    DMA1_Channel5_IRQHandler                 0x0800015f   Thumb Code     0  startup_stm32f10x_hd.o(.text)
    DMA1_Channel6_IRQHandler                 0x0800015f   Thumb Code     0  startup_stm32f10x_hd.o(.text)
    DMA1_Channel7_IRQHandler                 0x0800015f   Thumb Code     0  startup_stm32f10x_hd.o(.text)
    DMA2_Channel1_IRQHandler                 0x0800015f   Thumb Code     0  startup_stm32f10x_hd.o(.text)
    DMA2_Channel2_IRQHandler                 0x0800015f   Thumb Code     0  startup_stm32f10x_hd.o(.text)
    DMA2_Channel3_IRQHandler                 0x0800015f   Thumb Code     0  startup_stm32f10x_hd.o(.text)
    DMA2_Channel4_5_IRQHandler               0x0800015f   Thumb Code     0  startup_stm32f10x_hd.o(.text)
    EXTI0_IRQHandler                         0x0800015f   Thumb Code     0  startup_stm32f10x_hd.o(.text)
    EXTI15_10_IRQHandler                     0x0800015f   Thumb Code     0  startup_stm32f10x_hd.o(.text)
    EXTI1_IRQHandler                         0x0800015f   Thumb Code     0  startup_stm32f10x_hd.o(.text)
    EXTI2_IRQHandler                         0x0800015f   Thumb Code     0  startup_stm32f10x_hd.o(.text)
    EXTI3_IRQHandler                         0x0800015f   Thumb Code     0  startup_stm32f10x_hd.o(.text)
    EXTI4_IRQHandler                         0x0800015f   Thumb Code     0  startup_stm32f10x_hd.o(.text)
    EXTI9_5_IRQHandler                       0x0800015f   Thumb Code     0  startup_stm32f10x_hd.o(.text)
    FLASH_IRQHandler                         0x0800015f   Thumb Code     0  startup_stm32f10x_hd.o(.text)
    FSMC_IRQHandler                          0x0800015f   Thumb Code     0  startup_stm32f10x_hd.o(.text)
    I2C1_ER_IRQHandler                       0x0800015f   Thumb Code     0  startup_stm32f10x_hd.o(.text)
    I2C1_EV_IRQHandler                       0x0800015f   Thumb Code     0  startup_stm32f10x_hd.o(.text)
    I2C2_ER_IRQHandler                       0x0800015f   Thumb Code     0  startup_stm32f10x_hd.o(.text)
    I2C2_EV_IRQHandler                       0x0800015f   Thumb Code     0  startup_stm32f10x_hd.o(.text)
    PVD_IRQHandler                           0x0800015f   Thumb Code     0  startup_stm32f10x_hd.o(.text)
    RCC_IRQHandler                           0x0800015f   Thumb Code     0  startup_stm32f10x_hd.o(.text)
    RTCAlarm_IRQHandler                      0x0800015f   Thumb Code     0  startup_stm32f10x_hd.o(.text)
    RTC_IRQHandler                           0x0800015f   Thumb Code     0  startup_stm32f10x_hd.o(.text)
    SDIO_IRQHandler                          0x0800015f   Thumb Code     0  startup_stm32f10x_hd.o(.text)
    SPI1_IRQHandler                          0x0800015f   Thumb Code     0  startup_stm32f10x_hd.o(.text)
    SPI2_IRQHandler                          0x0800015f   Thumb Code     0  startup_stm32f10x_hd.o(.text)
    SPI3_IRQHandler                          0x0800015f   Thumb Code     0  startup_stm32f10x_hd.o(.text)
    TAMPER_IRQHandler                        0x0800015f   Thumb Code     0  startup_stm32f10x_hd.o(.text)
    TIM1_BRK_IRQHandler                      0x0800015f   Thumb Code     0  startup_stm32f10x_hd.o(.text)
    TIM1_CC_IRQHandler                       0x0800015f   Thumb Code     0  startup_stm32f10x_hd.o(.text)
    TIM1_TRG_COM_IRQHandler                  0x0800015f   Thumb Code     0  startup_stm32f10x_hd.o(.text)
    TIM1_UP_IRQHandler                       0x0800015f   Thumb Code     0  startup_stm32f10x_hd.o(.text)
    TIM2_IRQHandler                          0x0800015f   Thumb Code     0  startup_stm32f10x_hd.o(.text)
    TIM3_IRQHandler                          0x0800015f   Thumb Code     0  startup_stm32f10x_hd.o(.text)
    TIM4_IRQHandler                          0x0800015f   Thumb Code     0  startup_stm32f10x_hd.o(.text)
    TIM5_IRQHandler                          0x0800015f   Thumb Code     0  startup_stm32f10x_hd.o(.text)
    TIM6_IRQHandler                          0x0800015f   Thumb Code     0  startup_stm32f10x_hd.o(.text)
    TIM7_IRQHandler                          0x0800015f   Thumb Code     0  startup_stm32f10x_hd.o(.text)
    TIM8_BRK_IRQHandler                      0x0800015f   Thumb Code     0  startup_stm32f10x_hd.o(.text)
    TIM8_CC_IRQHandler                       0x0800015f   Thumb Code     0  startup_stm32f10x_hd.o(.text)
    TIM8_TRG_COM_IRQHandler                  0x0800015f   Thumb Code     0  startup_stm32f10x_hd.o(.text)
    TIM8_UP_IRQHandler                       0x0800015f   Thumb Code     0  startup_stm32f10x_hd.o(.text)
    UART4_IRQHandler                         0x0800015f   Thumb Code     0  startup_stm32f10x_hd.o(.text)
    UART5_IRQHandler                         0x0800015f   Thumb Code     0  startup_stm32f10x_hd.o(.text)
    USBWakeUp_IRQHandler                     0x0800015f   Thumb Code     0  startup_stm32f10x_hd.o(.text)
    USB_HP_CAN1_TX_IRQHandler                0x0800015f   Thumb Code     0  startup_stm32f10x_hd.o(.text)
    USB_LP_CAN1_RX0_IRQHandler               0x0800015f   Thumb Code     0  startup_stm32f10x_hd.o(.text)
    WWDG_IRQHandler                          0x0800015f   Thumb Code     0  startup_stm32f10x_hd.o(.text)
    OS_CPU_SR_Save                           0x08000169   Thumb Code     0  os_cpu_a.o(.text)
    OS_CPU_SR_Restore                        0x08000171   Thumb Code     0  os_cpu_a.o(.text)
    OSStartHighRdy                           0x08000177   Thumb Code     0  os_cpu_a.o(.text)
    OSCtxSw                                  0x08000199   Thumb Code     0  os_cpu_a.o(.text)
    OSIntCtxSw                               0x080001a7   Thumb Code     0  os_cpu_a.o(.text)
    PendSV_Handler                           0x080001b7   Thumb Code     0  os_cpu_a.o(.text)
    __aeabi_memcpy                           0x0800021d   Thumb Code    36  memcpya.o(.text)
    __aeabi_memcpy4                          0x0800021d   Thumb Code     0  memcpya.o(.text)
    __aeabi_memcpy8                          0x0800021d   Thumb Code     0  memcpya.o(.text)
    __aeabi_memset                           0x08000241   Thumb Code    14  memseta.o(.text)
    __aeabi_memset4                          0x08000241   Thumb Code     0  memseta.o(.text)
    __aeabi_memset8                          0x08000241   Thumb Code     0  memseta.o(.text)
    __aeabi_memclr                           0x0800024f   Thumb Code     4  memseta.o(.text)
    __aeabi_memclr4                          0x0800024f   Thumb Code     0  memseta.o(.text)
    __aeabi_memclr8                          0x0800024f   Thumb Code     0  memseta.o(.text)
    _memset$wrapper                          0x08000253   Thumb Code    18  memseta.o(.text)
    strncpy                                  0x08000265   Thumb Code    24  strncpy.o(.text)
    strlen                                   0x0800027d   Thumb Code    14  strlen.o(.text)
    strcpy                                   0x0800028b   Thumb Code    18  strcpy.o(.text)
    atoi                                     0x0800029d   Thumb Code    26  atoi.o(.text)
    __aeabi_dadd                             0x080002b7   Thumb Code   322  dadd.o(.text)
    __aeabi_dsub                             0x080003f9   Thumb Code     6  dadd.o(.text)
    __aeabi_drsub                            0x080003ff   Thumb Code     6  dadd.o(.text)
    __ARM_scalbn                             0x08000405   Thumb Code    46  dscalb.o(.text)
    scalbn                                   0x08000405   Thumb Code     0  dscalb.o(.text)
    __aeabi_i2d                              0x08000433   Thumb Code    34  dflti.o(.text)
    __aeabi_d2iz                             0x08000455   Thumb Code    62  dfixi.o(.text)
    __aeabi_f2d                              0x08000493   Thumb Code    38  f2d.o(.text)
    __aeabi_cdrcmple                         0x080004b9   Thumb Code    38  cdrcmple.o(.text)
    __aeabi_d2f                              0x080004e1   Thumb Code    56  d2f.o(.text)
    __aeabi_uidiv                            0x08000519   Thumb Code     0  uidiv.o(.text)
    __aeabi_uidivmod                         0x08000519   Thumb Code    44  uidiv.o(.text)
    __aeabi_uldivmod                         0x08000545   Thumb Code    98  uldiv.o(.text)
    __aeabi_llsl                             0x080005a7   Thumb Code    30  llshl.o(.text)
    _ll_shift_l                              0x080005a7   Thumb Code     0  llshl.o(.text)
    __aeabi_llsr                             0x080005c5   Thumb Code    32  llushr.o(.text)
    _ll_ushift_r                             0x080005c5   Thumb Code     0  llushr.o(.text)
    __aeabi_lasr                             0x080005e5   Thumb Code    36  llsshr.o(.text)
    _ll_sshift_r                             0x080005e5   Thumb Code     0  llsshr.o(.text)
    strtol                                   0x08000609   Thumb Code   112  strtol.o(.text)
    __I$use$fp                               0x08000679   Thumb Code     0  iusefp.o(.text)
    _float_round                             0x08000679   Thumb Code    18  fepilogue.o(.text)
    _float_epilogue                          0x0800068b   Thumb Code    90  fepilogue.o(.text)
    _double_round                            0x080006e5   Thumb Code    26  depilogue.o(.text)
    _double_epilogue                         0x080006ff   Thumb Code   164  depilogue.o(.text)
    __aeabi_dmul                             0x080007a3   Thumb Code   228  dmul.o(.text)
    __aeabi_ddiv                             0x08000887   Thumb Code   222  ddiv.o(.text)
    __aeabi_d2ulz                            0x08000965   Thumb Code    48  dfixul.o(.text)
    __scatterload                            0x08000995   Thumb Code    28  init.o(.text)
    __scatterload_rt2                        0x08000995   Thumb Code     0  init.o(.text)
    __rt_ctype_table                         0x080009b9   Thumb Code     4  ctype_o.o(.text)
    _strtoul                                 0x080009c1   Thumb Code   158  _strtoul.o(.text)
    _chval                                   0x08000a5f   Thumb Code    28  _chval.o(.text)
    BusFault_Handler                         0x08000a7b   Thumb Code     2  stm32f10x_it.o(i.BusFault_Handler)
    CheckSIMStatus                           0x08000a7d   Thumb Code   142  sim900.o(i.CheckSIMStatus)
    CheckTargetBuffReveived                  0x08000bb1   Thumb Code    84  sim900.o(i.CheckTargetBuffReveived)
    ClearSim900AReceiveBuff                  0x08000c09   Thumb Code    46  sim900.o(i.ClearSim900AReceiveBuff)
    ConfirmIfEndReceive                      0x08000c41   Thumb Code   208  sim900.o(i.ConfirmIfEndReceive)
    CreateMailBox                            0x08000d15   Thumb Code    14  plantformservice.o(i.CreateMailBox)
    CreatePlantFormCenter                    0x08000d29   Thumb Code     4  plantformservice.o(i.CreatePlantFormCenter)
    DS18B20Task                              0x08000d2d   Thumb Code   106  ds18b20.o(i.DS18B20Task)
    DS18B20_Get_Temp                         0x08000e0d   Thumb Code    90  ds18b20.o(i.DS18B20_Get_Temp)
    DS18B20_Init                             0x08000e69   Thumb Code    88  ds18b20.o(i.DS18B20_Init)
    DS18B20_Read_Byte                        0x08000f5d   Thumb Code    72  ds18b20.o(i.DS18B20_Read_Byte)
    DS18B20_Write_Byte                       0x08000fd9   Thumb Code    84  ds18b20.o(i.DS18B20_Write_Byte)
    DebugMon_Handler                         0x08001031   Thumb Code     2  stm32f10x_it.o(i.DebugMon_Handler)
    Delay_us                                 0x08001033   Thumb Code    20  ds18b20.o(i.Delay_us)
    GPIOInputConfig                          0x08001049   Thumb Code    32  gpioinput.o(i.GPIOInputConfig)
    GPIO_Init                                0x0800106d   Thumb Code   158  stm32f10x_gpio.o(i.GPIO_Init)
    GPIO_ReadInputDataBit                    0x0800110b   Thumb Code    14  stm32f10x_gpio.o(i.GPIO_ReadInputDataBit)
    GPIO_ResetBits                           0x08001119   Thumb Code     4  stm32f10x_gpio.o(i.GPIO_ResetBits)
    GPIO_SetBits                             0x0800111d   Thumb Code     4  stm32f10x_gpio.o(i.GPIO_SetBits)
    GPRSConnect                              0x08001121   Thumb Code   204  sim900.o(i.GPRSConnect)
    GPRSSendMsg                              0x08001285   Thumb Code   180  sim900.o(i.GPRSSendMsg)
    HardFault_Handler                        0x08001395   Thumb Code     2  stm32f10x_it.o(i.HardFault_Handler)
    LEDGPIOConfig                            0x08001399   Thumb Code   108  led.o(i.LEDGPIOConfig)
    LEDRunningTask                           0x08001411   Thumb Code   168  led.o(i.LEDRunningTask)
    MemManage_Handler                        0x080014c1   Thumb Code     2  stm32f10x_it.o(i.MemManage_Handler)
    NMI_Handler                              0x080014c3   Thumb Code     2  stm32f10x_it.o(i.NMI_Handler)
    NVIC_Init                                0x080014c5   Thumb Code    90  misc.o(i.NVIC_Init)
    OSInit                                   0x08001529   Thumb Code   220  os_core.o(i.OSInit)
    OSInitHookBegin                          0x0800163d   Thumb Code     2  os_cpu_c.o(i.OSInitHookBegin)
    OSInitHookEnd                            0x0800163f   Thumb Code     2  os_cpu_c.o(i.OSInitHookEnd)
    OSIntEnter                               0x08001641   Thumb Code    20  os_core.o(i.OSIntEnter)
    OSIntExit                                0x08001659   Thumb Code    82  os_core.o(i.OSIntExit)
    OSMboxCreate                             0x080016b5   Thumb Code    54  os_mbox.o(i.OSMboxCreate)
    OSMboxPost                               0x080016f5   Thumb Code    76  os_mbox.o(i.OSMboxPost)
    OSMutexCreate                            0x08001741   Thumb Code   122  os_mutex.o(i.OSMutexCreate)
    OSMutexPend                              0x080017c9   Thumb Code   426  os_mutex.o(i.OSMutexPend)
    OSMutexPost                              0x0800198d   Thumb Code   162  os_mutex.o(i.OSMutexPost)
    OSSchedLock                              0x08001aa5   Thumb Code    38  os_core.o(i.OSSchedLock)
    OSSchedUnlock                            0x08001ad1   Thumb Code    54  os_core.o(i.OSSchedUnlock)
    OSStart                                  0x08001b0d   Thumb Code    38  os_core.o(i.OSStart)
    OSTCBInitHook                            0x08001b3d   Thumb Code     2  os_cpu_c.o(i.OSTCBInitHook)
    OSTaskCreate                             0x08001b41   Thumb Code   124  os_task.o(i.OSTaskCreate)
    OSTaskCreateExt                          0x08001bc9   Thumb Code   144  os_task.o(i.OSTaskCreateExt)
    OSTaskCreateHook                         0x08001c65   Thumb Code     2  os_cpu_c.o(i.OSTaskCreateHook)
    OSTaskIdleHook                           0x08001c67   Thumb Code     2  os_cpu_c.o(i.OSTaskIdleHook)
    OSTaskNameSet                            0x08001c69   Thumb Code    76  os_task.o(i.OSTaskNameSet)
    OSTaskStatHook                           0x08001cc1   Thumb Code     2  os_cpu_c.o(i.OSTaskStatHook)
    OSTaskStkChk                             0x08001cc5   Thumb Code   108  os_task.o(i.OSTaskStkChk)
    OSTaskStkInit                            0x08001d39   Thumb Code   116  os_cpu_c.o(i.OSTaskStkInit)
    OSTaskSuspend                            0x08001dad   Thumb Code   130  os_task.o(i.OSTaskSuspend)
    OSTaskSwHook                             0x08001e41   Thumb Code     2  os_cpu_c.o(i.OSTaskSwHook)
    OSTimeDly                                0x08001e45   Thumb Code    82  os_time.o(i.OSTimeDly)
    OSTimeDlyHMSM                            0x08001ead   Thumb Code    68  os_time.o(i.OSTimeDlyHMSM)
    OSTimeTick                               0x08001ef9   Thumb Code   154  os_core.o(i.OSTimeTick)
    OSTimeTickHook                           0x08001f99   Thumb Code     2  os_cpu_c.o(i.OSTimeTickHook)
    OS_EventTaskRdy                          0x08001f9d   Thumb Code    94  os_core.o(i.OS_EventTaskRdy)
    OS_EventTaskRemove                       0x08002009   Thumb Code    32  os_core.o(i.OS_EventTaskRemove)
    OS_EventTaskWait                         0x08002029   Thumb Code    66  os_core.o(i.OS_EventTaskWait)
    OS_EventWaitListInit                     0x08002071   Thumb Code    20  os_core.o(i.OS_EventWaitListInit)
    OS_FlagInit                              0x08002085   Thumb Code    60  os_flag.o(i.OS_FlagInit)
    OS_MemClr                                0x0800213d   Thumb Code    18  os_core.o(i.OS_MemClr)
    OS_QInit                                 0x08002151   Thumb Code    56  os_q.o(i.OS_QInit)
    OS_Sched                                 0x08002191   Thumb Code    64  os_core.o(i.OS_Sched)
    OS_TCBInit                               0x080021f9   Thumb Code   220  os_core.o(i.OS_TCBInit)
    OS_TaskIdle                              0x080022e1   Thumb Code    24  os_core.o(i.OS_TaskIdle)
    OS_TaskStat                              0x080022fd   Thumb Code    82  os_core.o(i.OS_TaskStat)
    OS_TaskStatStkChk                        0x08002355   Thumb Code    50  os_core.o(i.OS_TaskStatStkChk)
    OS_TaskStkClr                            0x0800238d   Thumb Code    22  os_task.o(i.OS_TaskStkClr)
    RCC_APB1PeriphClockCmd                   0x080023a5   Thumb Code    18  stm32f10x_rcc.o(i.RCC_APB1PeriphClockCmd)
    RCC_APB2PeriphClockCmd                   0x080023bd   Thumb Code    18  stm32f10x_rcc.o(i.RCC_APB2PeriphClockCmd)
    RCC_Configuration                        0x080023d5   Thumb Code    86  main.o(i.RCC_Configuration)
    RCC_DeInit                               0x0800242d   Thumb Code    50  stm32f10x_rcc.o(i.RCC_DeInit)
    RCC_GetClocksFreq                        0x0800246d   Thumb Code   130  stm32f10x_rcc.o(i.RCC_GetClocksFreq)
    RCC_GetFlagStatus                        0x08002501   Thumb Code    44  stm32f10x_rcc.o(i.RCC_GetFlagStatus)
    RCC_GetSYSCLKSource                      0x08002531   Thumb Code    10  stm32f10x_rcc.o(i.RCC_GetSYSCLKSource)
    RCC_HCLKConfig                           0x08002541   Thumb Code    14  stm32f10x_rcc.o(i.RCC_HCLKConfig)
    RCC_HSEConfig                            0x08002555   Thumb Code    48  stm32f10x_rcc.o(i.RCC_HSEConfig)
    RCC_PCLK1Config                          0x08002589   Thumb Code    14  stm32f10x_rcc.o(i.RCC_PCLK1Config)
    RCC_PCLK2Config                          0x0800259d   Thumb Code    16  stm32f10x_rcc.o(i.RCC_PCLK2Config)
    RCC_PLLCmd                               0x080025b1   Thumb Code     6  stm32f10x_rcc.o(i.RCC_PLLCmd)
    RCC_PLLConfig                            0x080025bd   Thumb Code    16  stm32f10x_rcc.o(i.RCC_PLLConfig)
    RCC_SYSCLKConfig                         0x080025d1   Thumb Code    14  stm32f10x_rcc.o(i.RCC_SYSCLKConfig)
    RCC_WaitForHSEStartUp                    0x080025e5   Thumb Code    44  stm32f10x_rcc.o(i.RCC_WaitForHSEStartUp)
    SIM900Process                            0x08002611   Thumb Code   238  sim900.o(i.SIM900Process)
    SVC_Handler                              0x080027cd   Thumb Code     2  stm32f10x_it.o(i.SVC_Handler)
    SendCharSim900A                          0x080027d1   Thumb Code    30  sim900.o(i.SendCharSim900A)
    SendMsgToSim900A                         0x080027f5   Thumb Code    20  sim900.o(i.SendMsgToSim900A)
    SendMsgToSim900AWithCount                0x08002809   Thumb Code    24  sim900.o(i.SendMsgToSim900AWithCount)
    Sim900AReceiveData                       0x080028c9   Thumb Code   144  sim900.o(i.Sim900AReceiveData)
    StartUpTask                              0x08002975   Thumb Code    14  main.o(i.StartUpTask)
    SysTick_Handler                          0x08002983   Thumb Code    18  stm32f10x_it.o(i.SysTick_Handler)
    SystemInit                               0x08002995   Thumb Code    50  system_stm32f10x.o(i.SystemInit)
    USART1_Config                            0x080029d5   Thumb Code   156  usart.o(i.USART1_Config)
    USART1_IRQHandler                        0x08002a79   Thumb Code    70  usart.o(i.USART1_IRQHandler)
    USART2_Config                            0x08002ad1   Thumb Code   158  usart.o(i.USART2_Config)
    USART2_IRQHandler                        0x08002b79   Thumb Code    50  usart.o(i.USART2_IRQHandler)
    USART3_IRQHandler                        0x08002bb5   Thumb Code    80  usart.o(i.USART3_IRQHandler)
    USART_ClearITPendingBit                  0x08002c15   Thumb Code    12  stm32f10x_usart.o(i.USART_ClearITPendingBit)
    USART_Cmd                                0x08002c21   Thumb Code    20  stm32f10x_usart.o(i.USART_Cmd)
    USART_GetFlagStatus                      0x08002c35   Thumb Code    14  stm32f10x_usart.o(i.USART_GetFlagStatus)
    USART_GetITStatus                        0x08002c43   Thumb Code    62  stm32f10x_usart.o(i.USART_GetITStatus)
    USART_ITConfig                           0x08002c81   Thumb Code    48  stm32f10x_usart.o(i.USART_ITConfig)
    USART_Init                               0x08002cb1   Thumb Code   176  stm32f10x_usart.o(i.USART_Init)
    USART_ReceiveData                        0x08002d65   Thumb Code     8  stm32f10x_usart.o(i.USART_ReceiveData)
    USART_SendData                           0x08002d6d   Thumb Code     8  stm32f10x_usart.o(i.USART_SendData)
    UsageFault_Handler                       0x08002d75   Thumb Code     2  stm32f10x_it.o(i.UsageFault_Handler)
    Usart1DateHandle                         0x08002d79   Thumb Code    48  usart.o(i.Usart1DateHandle)
    UsartProcess                             0x08002db1   Thumb Code    82  usart.o(i.UsartProcess)
    __0printf                                0x08002e29   Thumb Code    22  printfa.o(i.__0printf)
    __1printf                                0x08002e29   Thumb Code     0  printfa.o(i.__0printf)
    __2printf                                0x08002e29   Thumb Code     0  printfa.o(i.__0printf)
    __c89printf                              0x08002e29   Thumb Code     0  printfa.o(i.__0printf)
    printf                                   0x08002e29   Thumb Code     0  printfa.o(i.__0printf)
    __0sprintf                               0x08002e49   Thumb Code    34  printfa.o(i.__0sprintf)
    __1sprintf                               0x08002e49   Thumb Code     0  printfa.o(i.__0sprintf)
    __2sprintf                               0x08002e49   Thumb Code     0  printfa.o(i.__0sprintf)
    __c89sprintf                             0x08002e49   Thumb Code     0  printfa.o(i.__0sprintf)
    sprintf                                  0x08002e49   Thumb Code     0  printfa.o(i.__0sprintf)
    __aeabi_errno_addr                       0x08002e71   Thumb Code     4  errno.o(i.__aeabi_errno_addr)
    __rt_errno_addr                          0x08002e71   Thumb Code     0  errno.o(i.__aeabi_errno_addr)
    __scatterload_copy                       0x08002e79   Thumb Code    14  handlers.o(i.__scatterload_copy)
    __scatterload_null                       0x08002e87   Thumb Code     2  handlers.o(i.__scatterload_null)
    __scatterload_zeroinit                   0x08002e89   Thumb Code    14  handlers.o(i.__scatterload_zeroinit)
    bytesbytes                               0x08003745   Thumb Code    44  sim900.o(i.bytesbytes)
    fputc                                    0x08003771   Thumb Code    30  usart.o(i.fputc)
    main                                     0x08003795   Thumb Code   108  main.o(i.main)
    mqtt_connect_message                     0x08003831   Thumb Code   250  mqtt.o(i.mqtt_connect_message)
    OSUnMapTbl                               0x0800392a   Data         256  os_core.o(.constdata)
    __ctype_table                            0x08003a2a   Data         129  ctype_o.o(.constdata)
    Region$$Table$$Base                      0x08003b14   Number         0  anon$$obj.o(Region$$Table)
    Region$$Table$$Limit                     0x08003b34   Number         0  anon$$obj.o(Region$$Table)
    Usart1DateLength                         0x20000000   Data           1  usart.o(.data)
    FlagUsart1ReceiveDate                    0x20000001   Data           1  usart.o(.data)
    FlagUsart1ReceiveDateDone                0x20000002   Data           1  usart.o(.data)
    Usart3DateLength                         0x20000003   Data           1  usart.o(.data)
    FlagUsart3ReceiveDate                    0x20000004   Data           1  usart.o(.data)
    tempBuffP                                0x20000008   Data           1  sim900.o(.data)
    err                                      0x20000009   Data           1  sim900.o(.data)
    SIMStatus                                0x2000000a   Data           1  sim900.o(.data)
    LEDStatus                                0x2000000b   Data           1  sim900.o(.data)
    MsgLength                                0x2000000c   Data           3  sim900.o(.data)
    SendFaultCount                           0x20000010   Data           4  sim900.o(.data)
    ATConnectToServer                        0x20000014   Data           4  sim900.o(.data)
    ATCIPCLOSE                               0x20000018   Data           4  sim900.o(.data)
    ATCIPSHUT                                0x2000001c   Data           4  sim900.o(.data)
    ATCIPHEAD                                0x20000020   Data           4  sim900.o(.data)
    ATCPIN                                   0x20000024   Data           4  sim900.o(.data)
    EchoCount                                0x20000028   Data           4  sim900.o(.data)
    Mutex                                    0x2000002c   Data           4  sim900.o(.data)
    MQTTmessageSize                          0x20000030   Data           4  sim900.o(.data)
    username                                 0x20000034   Data           6  sim900.o(.data)
    SIM900ReveBuff                           0x2000003c   Data           8  sim900.o(.data)
    client_id                                0x20000044   Data          13  sim900.o(.data)
    password                                 0x20000051   Data           9  sim900.o(.data)
    CommonMsg                                0x2000005c   Data           4  plantformservice.o(.data)
    ReadTemperature                          0x20000060   Data           4  ds18b20.o(.data)
    cpu_sr                                   0x20000064   Data           4  ds18b20.o(.data)
    OSCPUUsage                               0x2000007c   Data           1  os_core.o(.data)
    OSStatRdy                                0x2000007d   Data           1  os_core.o(.data)
    OSIntNesting                             0x2000007e   Data           1  os_core.o(.data)
    OSLockNesting                            0x2000007f   Data           1  os_core.o(.data)
    OSPrioCur                                0x20000080   Data           1  os_core.o(.data)
    OSPrioHighRdy                            0x20000081   Data           1  os_core.o(.data)
    OSRdyGrp                                 0x20000082   Data           1  os_core.o(.data)
    OSRunning                                0x20000083   Data           1  os_core.o(.data)
    OSTaskCtr                                0x20000084   Data           1  os_core.o(.data)
    OSTickStepState                          0x20000085   Data           1  os_core.o(.data)
    OSCtxSwCtr                               0x20000088   Data           4  os_core.o(.data)
    OSEventFreeList                          0x2000008c   Data           4  os_core.o(.data)
    OSIdleCtrMax                             0x20000090   Data           4  os_core.o(.data)
    OSIdleCtrRun                             0x20000094   Data           4  os_core.o(.data)
    OSIdleCtr                                0x20000098   Data           4  os_core.o(.data)
    OSTCBCur                                 0x2000009c   Data           4  os_core.o(.data)
    OSTCBFreeList                            0x200000a0   Data           4  os_core.o(.data)
    OSTCBHighRdy                             0x200000a4   Data           4  os_core.o(.data)
    OSTCBList                                0x200000a8   Data           4  os_core.o(.data)
    OSTime                                   0x200000ac   Data           4  os_core.o(.data)
    OSRdyTbl                                 0x200000b0   Data           8  os_core.o(.data)
    OSFlagFreeList                           0x200000b8   Data           4  os_core.o(.data)
    OSQFreeList                              0x200000bc   Data           4  os_core.o(.data)
    __stdout                                 0x200000c0   Data           4  stdout.o(.data)
    start_task_stk                           0x200000c8   Data         800  main.o(.bss)
    LEDRunningTaskStk                        0x200003e8   Data         800  led.o(.bss)
    UsartProcessStk                          0x20000708   Data         800  usart.o(.bss)
    ProcessMBoxmsg                           0x20000a28   Data          56  usart.o(.bss)
    Usart1Buff                               0x20000a60   Data         100  usart.o(.bss)
    Usart3Buff                               0x20000ac4   Data         100  usart.o(.bss)
    SIM900ProcessStk                         0x20000b28   Data        4000  sim900.o(.bss)
    Sim900AReceiveBuff                       0x20001ac8   Data         300  sim900.o(.bss)
    RevMsgBuff                               0x20001bf4   Data         100  sim900.o(.bss)
    mqtt_message                             0x20001c58   Data         100  sim900.o(.bss)
    DS18B20TaskStk                           0x20001cbc   Data         800  ds18b20.o(.bss)
    OSEventTbl                               0x20001fdc   Data         200  os_core.o(.bss)
    OSTaskStatStk                            0x200020a4   Data         512  os_core.o(.bss)
    OSTaskIdleStk                            0x200022a4   Data         512  os_core.o(.bss)
    OSTCBPrioTbl                             0x200024a4   Data         256  os_core.o(.bss)
    OSTCBTbl                                 0x200025a4   Data        1008  os_core.o(.bss)
    OSFlagTbl                                0x20002994   Data          80  os_core.o(.bss)
    OSQTbl                                   0x200029e4   Data         120  os_core.o(.bss)
    __initial_sp                             0x20002e60   Data           0  startup_stm32f10x_hd.o(STACK)



==============================================================================

Memory Map of the image

  Image Entry point : 0x08000131

  Load Region LR_IROM1 (Base: 0x08000000, Size: 0x00003bfc, Max: 0x00080000, ABSOLUTE)

    Execution Region ER_IROM1 (Base: 0x08000000, Size: 0x00003b34, Max: 0x00080000, ABSOLUTE)

    Base Addr    Size         Type   Attr      Idx    E Section Name        Object

    0x08000000   0x00000130   Data   RO         1776    RESET               startup_stm32f10x_hd.o
    0x08000130   0x00000000   Code   RO         2548  * .ARM.Collect$$$$00000000  mc_w.l(entry.o)
    0x08000130   0x00000004   Code   RO         2884    .ARM.Collect$$$$00000001  mc_w.l(entry2.o)
    0x08000134   0x00000004   Code   RO         2887    .ARM.Collect$$$$00000004  mc_w.l(entry5.o)
    0x08000138   0x00000000   Code   RO         2889    .ARM.Collect$$$$00000008  mc_w.l(entry7b.o)
    0x08000138   0x00000000   Code   RO         2891    .ARM.Collect$$$$0000000A  mc_w.l(entry8b.o)
    0x08000138   0x00000008   Code   RO         2892    .ARM.Collect$$$$0000000B  mc_w.l(entry9a.o)
    0x08000140   0x00000000   Code   RO         2894    .ARM.Collect$$$$0000000D  mc_w.l(entry10a.o)
    0x08000140   0x00000000   Code   RO         2896    .ARM.Collect$$$$0000000F  mc_w.l(entry11a.o)
    0x08000140   0x00000004   Code   RO         2885    .ARM.Collect$$$$00002712  mc_w.l(entry2.o)
    0x08000144   0x00000024   Code   RO         1777    .text               startup_stm32f10x_hd.o
    0x08000168   0x000000b4   Code   RO         2485    .text               os_cpu_a.o
    0x0800021c   0x00000024   Code   RO         2555    .text               mc_w.l(memcpya.o)
    0x08000240   0x00000024   Code   RO         2557    .text               mc_w.l(memseta.o)
    0x08000264   0x00000018   Code   RO         2559    .text               mc_w.l(strncpy.o)
    0x0800027c   0x0000000e   Code   RO         2561    .text               mc_w.l(strlen.o)
    0x0800028a   0x00000012   Code   RO         2565    .text               mc_w.l(strcpy.o)
    0x0800029c   0x0000001a   Code   RO         2866    .text               mc_w.l(atoi.o)
    0x080002b6   0x0000014e   Code   RO         2868    .text               mf_w.l(dadd.o)
    0x08000404   0x0000002e   Code   RO         2870    .text               mf_w.l(dscalb.o)
    0x08000432   0x00000022   Code   RO         2872    .text               mf_w.l(dflti.o)
    0x08000454   0x0000003e   Code   RO         2874    .text               mf_w.l(dfixi.o)
    0x08000492   0x00000026   Code   RO         2876    .text               mf_w.l(f2d.o)
    0x080004b8   0x00000028   Code   RO         2880    .text               mf_w.l(cdrcmple.o)
    0x080004e0   0x00000038   Code   RO         2882    .text               mf_w.l(d2f.o)
    0x08000518   0x0000002c   Code   RO         2899    .text               mc_w.l(uidiv.o)
    0x08000544   0x00000062   Code   RO         2901    .text               mc_w.l(uldiv.o)
    0x080005a6   0x0000001e   Code   RO         2903    .text               mc_w.l(llshl.o)
    0x080005c4   0x00000020   Code   RO         2905    .text               mc_w.l(llushr.o)
    0x080005e4   0x00000024   Code   RO         2907    .text               mc_w.l(llsshr.o)
    0x08000608   0x00000070   Code   RO         2926    .text               mc_w.l(strtol.o)
    0x08000678   0x00000000   Code   RO         2928    .text               mc_w.l(iusefp.o)
    0x08000678   0x0000006c   Code   RO         2929    .text               mf_w.l(fepilogue.o)
    0x080006e4   0x000000be   Code   RO         2931    .text               mf_w.l(depilogue.o)
    0x080007a2   0x000000e4   Code   RO         2933    .text               mf_w.l(dmul.o)
    0x08000886   0x000000de   Code   RO         2935    .text               mf_w.l(ddiv.o)
    0x08000964   0x00000030   Code   RO         2939    .text               mf_w.l(dfixul.o)
    0x08000994   0x00000024   Code   RO         2941    .text               mc_w.l(init.o)
    0x080009b8   0x00000008   Code   RO         2945    .text               mc_w.l(ctype_o.o)
    0x080009c0   0x0000009e   Code   RO         2975    .text               mc_w.l(_strtoul.o)
    0x08000a5e   0x0000001c   Code   RO         2980    .text               mc_w.l(_chval.o)
    0x08000a7a   0x00000002   Code   RO          254    i.BusFault_Handler  stm32f10x_it.o
    0x08000a7c   0x00000134   Code   RO          333    i.CheckSIMStatus    sim900.o
    0x08000bb0   0x00000058   Code   RO          334    i.CheckTargetBuffReveived  sim900.o
    0x08000c08   0x00000038   Code   RO          335    i.ClearSim900AReceiveBuff  sim900.o
    0x08000c40   0x000000d4   Code   RO          337    i.ConfirmIfEndReceive  sim900.o
    0x08000d14   0x00000014   Code   RO          460    i.CreateMailBox     plantformservice.o
    0x08000d28   0x00000004   Code   RO          461    i.CreatePlantFormCenter  plantformservice.o
    0x08000d2c   0x000000e0   Code   RO          484    i.DS18B20Task       ds18b20.o
    0x08000e0c   0x0000005a   Code   RO          485    i.DS18B20_Get_Temp  ds18b20.o
    0x08000e66   0x00000002   PAD
    0x08000e68   0x00000060   Code   RO          486    i.DS18B20_Init      ds18b20.o
    0x08000ec8   0x0000001c   Code   RO          487    i.DS18B20_Mode_IPU  ds18b20.o
    0x08000ee4   0x00000020   Code   RO          488    i.DS18B20_Mode_Out_PP  ds18b20.o
    0x08000f04   0x00000058   Code   RO          489    i.DS18B20_Presence  ds18b20.o
    0x08000f5c   0x0000004c   Code   RO          490    i.DS18B20_Read_Byte  ds18b20.o
    0x08000fa8   0x00000030   Code   RO          491    i.DS18B20_Rst       ds18b20.o
    0x08000fd8   0x00000058   Code   RO          493    i.DS18B20_Write_Byte  ds18b20.o
    0x08001030   0x00000002   Code   RO          255    i.DebugMon_Handler  stm32f10x_it.o
    0x08001032   0x00000014   Code   RO          494    i.Delay_us          ds18b20.o
    0x08001046   0x00000002   PAD
    0x08001048   0x00000024   Code   RO          559    i.GPIOInputConfig   gpioinput.o
    0x0800106c   0x0000009e   Code   RO         1290    i.GPIO_Init         stm32f10x_gpio.o
    0x0800110a   0x0000000e   Code   RO         1294    i.GPIO_ReadInputDataBit  stm32f10x_gpio.o
    0x08001118   0x00000004   Code   RO         1297    i.GPIO_ResetBits    stm32f10x_gpio.o
    0x0800111c   0x00000004   Code   RO         1298    i.GPIO_SetBits      stm32f10x_gpio.o
    0x08001120   0x00000164   Code   RO          339    i.GPRSConnect       sim900.o
    0x08001284   0x00000110   Code   RO          340    i.GPRSSendMsg       sim900.o
    0x08001394   0x00000002   Code   RO          256    i.HardFault_Handler  stm32f10x_it.o
    0x08001396   0x00000002   PAD
    0x08001398   0x00000078   Code   RO          134    i.LEDGPIOConfig     led.o
    0x08001410   0x000000b0   Code   RO          135    i.LEDRunningTask    led.o
    0x080014c0   0x00000002   Code   RO          257    i.MemManage_Handler  stm32f10x_it.o
    0x080014c2   0x00000002   Code   RO          258    i.NMI_Handler       stm32f10x_it.o
    0x080014c4   0x00000064   Code   RO         1398    i.NVIC_Init         misc.o
    0x08001528   0x00000114   Code   RO         1781    i.OSInit            os_core.o
    0x0800163c   0x00000002   Code   RO         2393    i.OSInitHookBegin   os_cpu_c.o
    0x0800163e   0x00000002   Code   RO         2394    i.OSInitHookEnd     os_cpu_c.o
    0x08001640   0x00000018   Code   RO         1782    i.OSIntEnter        os_core.o
    0x08001658   0x0000005c   Code   RO         1783    i.OSIntExit         os_core.o
    0x080016b4   0x00000040   Code   RO         2023    i.OSMboxCreate      os_mbox.o
    0x080016f4   0x0000004c   Code   RO         2027    i.OSMboxPost        os_mbox.o
    0x08001740   0x00000088   Code   RO         2083    i.OSMutexCreate     os_mutex.o
    0x080017c8   0x000001c4   Code   RO         2085    i.OSMutexPend       os_mutex.o
    0x0800198c   0x000000b0   Code   RO         2086    i.OSMutexPost       os_mutex.o
    0x08001a3c   0x00000068   Code   RO         2088    i.OSMutex_RdyAtPrio  os_mutex.o
    0x08001aa4   0x0000002c   Code   RO         1784    i.OSSchedLock       os_core.o
    0x08001ad0   0x0000003c   Code   RO         1785    i.OSSchedUnlock     os_core.o
    0x08001b0c   0x00000030   Code   RO         1786    i.OSStart           os_core.o
    0x08001b3c   0x00000002   Code   RO         2395    i.OSTCBInitHook     os_cpu_c.o
    0x08001b3e   0x00000002   PAD
    0x08001b40   0x00000088   Code   RO         2256    i.OSTaskCreate      os_task.o
    0x08001bc8   0x0000009c   Code   RO         2257    i.OSTaskCreateExt   os_task.o
    0x08001c64   0x00000002   Code   RO         2396    i.OSTaskCreateHook  os_cpu_c.o
    0x08001c66   0x00000002   Code   RO         2398    i.OSTaskIdleHook    os_cpu_c.o
    0x08001c68   0x00000058   Code   RO         2261    i.OSTaskNameSet     os_task.o
    0x08001cc0   0x00000002   Code   RO         2400    i.OSTaskStatHook    os_cpu_c.o
    0x08001cc2   0x00000002   PAD
    0x08001cc4   0x00000074   Code   RO         2266    i.OSTaskStkChk      os_task.o
    0x08001d38   0x00000074   Code   RO         2401    i.OSTaskStkInit     os_cpu_c.o
    0x08001dac   0x00000094   Code   RO         2267    i.OSTaskSuspend     os_task.o
    0x08001e40   0x00000002   Code   RO         2402    i.OSTaskSwHook      os_cpu_c.o
    0x08001e42   0x00000002   PAD
    0x08001e44   0x00000068   Code   RO         2351    i.OSTimeDly         os_time.o
    0x08001eac   0x0000004c   Code   RO         2352    i.OSTimeDlyHMSM     os_time.o
    0x08001ef8   0x000000a0   Code   RO         1788    i.OSTimeTick        os_core.o
    0x08001f98   0x00000002   Code   RO         2403    i.OSTimeTickHook    os_cpu_c.o
    0x08001f9a   0x00000002   PAD
    0x08001f9c   0x0000006c   Code   RO         1791    i.OS_EventTaskRdy   os_core.o
    0x08002008   0x00000020   Code   RO         1792    i.OS_EventTaskRemove  os_core.o
    0x08002028   0x00000048   Code   RO         1793    i.OS_EventTaskWait  os_core.o
    0x08002070   0x00000014   Code   RO         1794    i.OS_EventWaitListInit  os_core.o
    0x08002084   0x00000048   Code   RO         1950    i.OS_FlagInit       os_flag.o
    0x080020cc   0x00000070   Code   RO         1795    i.OS_InitTCBList    os_core.o
    0x0800213c   0x00000012   Code   RO         1796    i.OS_MemClr         os_core.o
    0x0800214e   0x00000002   PAD
    0x08002150   0x00000040   Code   RO         2139    i.OS_QInit          os_q.o
    0x08002190   0x00000048   Code   RO         1798    i.OS_Sched          os_core.o
    0x080021d8   0x00000020   Code   RO         1799    i.OS_SchedNew       os_core.o
    0x080021f8   0x000000e8   Code   RO         1801    i.OS_TCBInit        os_core.o
    0x080022e0   0x0000001c   Code   RO         1802    i.OS_TaskIdle       os_core.o
    0x080022fc   0x00000058   Code   RO         1803    i.OS_TaskStat       os_core.o
    0x08002354   0x00000038   Code   RO         1804    i.OS_TaskStatStkChk  os_core.o
    0x0800238c   0x00000016   Code   RO         2269    i.OS_TaskStkClr     os_task.o
    0x080023a2   0x00000002   PAD
    0x080023a4   0x00000018   Code   RO         1086    i.RCC_APB1PeriphClockCmd  stm32f10x_rcc.o
    0x080023bc   0x00000018   Code   RO         1088    i.RCC_APB2PeriphClockCmd  stm32f10x_rcc.o
    0x080023d4   0x00000056   Code   RO            1    i.RCC_Configuration  main.o
    0x0800242a   0x00000002   PAD
    0x0800242c   0x00000040   Code   RO         1095    i.RCC_DeInit        stm32f10x_rcc.o
    0x0800246c   0x00000094   Code   RO         1096    i.RCC_GetClocksFreq  stm32f10x_rcc.o
    0x08002500   0x00000030   Code   RO         1097    i.RCC_GetFlagStatus  stm32f10x_rcc.o
    0x08002530   0x00000010   Code   RO         1099    i.RCC_GetSYSCLKSource  stm32f10x_rcc.o
    0x08002540   0x00000014   Code   RO         1100    i.RCC_HCLKConfig    stm32f10x_rcc.o
    0x08002554   0x00000034   Code   RO         1101    i.RCC_HSEConfig     stm32f10x_rcc.o
    0x08002588   0x00000014   Code   RO         1107    i.RCC_PCLK1Config   stm32f10x_rcc.o
    0x0800259c   0x00000014   Code   RO         1108    i.RCC_PCLK2Config   stm32f10x_rcc.o
    0x080025b0   0x0000000c   Code   RO         1109    i.RCC_PLLCmd        stm32f10x_rcc.o
    0x080025bc   0x00000014   Code   RO         1110    i.RCC_PLLConfig     stm32f10x_rcc.o
    0x080025d0   0x00000014   Code   RO         1113    i.RCC_SYSCLKConfig  stm32f10x_rcc.o
    0x080025e4   0x0000002c   Code   RO         1115    i.RCC_WaitForHSEStartUp  stm32f10x_rcc.o
    0x08002610   0x000001bc   Code   RO          344    i.SIM900Process     sim900.o
    0x080027cc   0x00000002   Code   RO          259    i.SVC_Handler       stm32f10x_it.o
    0x080027ce   0x00000002   PAD
    0x080027d0   0x00000024   Code   RO          345    i.SendCharSim900A   sim900.o
    0x080027f4   0x00000014   Code   RO          346    i.SendMsgToSim900A  sim900.o
    0x08002808   0x00000018   Code   RO          347    i.SendMsgToSim900AWithCount  sim900.o
    0x08002820   0x000000a8   Code   RO         1745    i.SetSysClockTo72   system_stm32f10x.o
    0x080028c8   0x000000ac   Code   RO          348    i.Sim900AReceiveData  sim900.o
    0x08002974   0x0000000e   Code   RO            2    i.StartUpTask       main.o
    0x08002982   0x00000012   Code   RO          260    i.SysTick_Handler   stm32f10x_it.o
    0x08002994   0x00000040   Code   RO         1747    i.SystemInit        system_stm32f10x.o
    0x080029d4   0x000000a4   Code   RO          162    i.USART1_Config     usart.o
    0x08002a78   0x00000058   Code   RO          163    i.USART1_IRQHandler  usart.o
    0x08002ad0   0x000000a8   Code   RO          164    i.USART2_Config     usart.o
    0x08002b78   0x0000003c   Code   RO          165    i.USART2_IRQHandler  usart.o
    0x08002bb4   0x00000060   Code   RO          167    i.USART3_IRQHandler  usart.o
    0x08002c14   0x0000000c   Code   RO         1555    i.USART_ClearITPendingBit  stm32f10x_usart.o
    0x08002c20   0x00000014   Code   RO         1558    i.USART_Cmd         stm32f10x_usart.o
    0x08002c34   0x0000000e   Code   RO         1561    i.USART_GetFlagStatus  stm32f10x_usart.o
    0x08002c42   0x0000003e   Code   RO         1562    i.USART_GetITStatus  stm32f10x_usart.o
    0x08002c80   0x00000030   Code   RO         1564    i.USART_ITConfig    stm32f10x_usart.o
    0x08002cb0   0x000000b4   Code   RO         1565    i.USART_Init        stm32f10x_usart.o
    0x08002d64   0x00000008   Code   RO         1572    i.USART_ReceiveData  stm32f10x_usart.o
    0x08002d6c   0x00000008   Code   RO         1575    i.USART_SendData    stm32f10x_usart.o
    0x08002d74   0x00000002   Code   RO          261    i.UsageFault_Handler  stm32f10x_it.o
    0x08002d76   0x00000002   PAD
    0x08002d78   0x00000038   Code   RO          169    i.Usart1DateHandle  usart.o
    0x08002db0   0x00000078   Code   RO          170    i.UsartProcess      usart.o
    0x08002e28   0x00000020   Code   RO         2804    i.__0printf         mc_w.l(printfa.o)
    0x08002e48   0x00000028   Code   RO         2806    i.__0sprintf        mc_w.l(printfa.o)
    0x08002e70   0x00000008   Code   RO         2913    i.__aeabi_errno_addr  mc_w.l(errno.o)
    0x08002e78   0x0000000e   Code   RO         2984    i.__scatterload_copy  mc_w.l(handlers.o)
    0x08002e86   0x00000002   Code   RO         2985    i.__scatterload_null  mc_w.l(handlers.o)
    0x08002e88   0x0000000e   Code   RO         2986    i.__scatterload_zeroinit  mc_w.l(handlers.o)
    0x08002e96   0x00000002   PAD
    0x08002e98   0x0000015c   Code   RO         2811    i._fp_digits        mc_w.l(printfa.o)
    0x08002ff4   0x000006f0   Code   RO         2812    i._printf_core      mc_w.l(printfa.o)
    0x080036e4   0x00000026   Code   RO         2813    i._printf_post_padding  mc_w.l(printfa.o)
    0x0800370a   0x00000030   Code   RO         2814    i._printf_pre_padding  mc_w.l(printfa.o)
    0x0800373a   0x0000000a   Code   RO         2816    i._sputc            mc_w.l(printfa.o)
    0x08003744   0x0000002c   Code   RO          349    i.bytesbytes        sim900.o
    0x08003770   0x00000024   Code   RO          171    i.fputc             usart.o
    0x08003794   0x0000009c   Code   RO            3    i.main              main.o
    0x08003830   0x000000fa   Code   RO         2488    i.mqtt_connect_message  mqtt.o
    0x0800392a   0x00000100   Data   RO         1808    .constdata          os_core.o
    0x08003a2a   0x00000081   Data   RO         2946    .constdata          mc_w.l(ctype_o.o)
    0x08003aab   0x00000001   PAD
    0x08003aac   0x00000004   Data   RO         2947    .constdata          mc_w.l(ctype_o.o)
    0x08003ab0   0x00000061   Data   RO          354    .conststring        sim900.o
    0x08003b11   0x00000003   PAD
    0x08003b14   0x00000020   Data   RO         2982    Region$$Table       anon$$obj.o


    Execution Region RW_IRAM1 (Base: 0x20000000, Size: 0x00002e60, Max: 0x00010000, ABSOLUTE)

    Base Addr    Size         Type   Attr      Idx    E Section Name        Object

    0x20000000   0x00000005   Data   RW          175    .data               usart.o
    0x20000005   0x00000003   PAD
    0x20000008   0x00000052   Data   RW          355    .data               sim900.o
    0x2000005a   0x00000002   PAD
    0x2000005c   0x00000004   Data   RW          462    .data               plantformservice.o
    0x20000060   0x00000008   Data   RW          496    .data               ds18b20.o
    0x20000068   0x00000014   Data   RW         1116    .data               stm32f10x_rcc.o
    0x2000007c   0x0000003c   Data   RW         1809    .data               os_core.o
    0x200000b8   0x00000004   Data   RW         1810    .data               os_core.o
    0x200000bc   0x00000004   Data   RW         1811    .data               os_core.o
    0x200000c0   0x00000004   Data   RW         2898    .data               mc_w.l(stdout.o)
    0x200000c4   0x00000004   Data   RW         2916    .data               mc_w.l(errno.o)
    0x200000c8   0x00000320   Zero   RW            4    .bss                main.o
    0x200003e8   0x00000320   Zero   RW          136    .bss                led.o
    0x20000708   0x00000320   Zero   RW          172    .bss                usart.o
    0x20000a28   0x00000100   Zero   RW          173    .bss                usart.o
    0x20000b28   0x00000fa0   Zero   RW          351    .bss                sim900.o
    0x20001ac8   0x000001f4   Zero   RW          352    .bss                sim900.o
    0x20001cbc   0x00000320   Zero   RW          495    .bss                ds18b20.o
    0x20001fdc   0x000009b8   Zero   RW         1805    .bss                os_core.o
    0x20002994   0x00000050   Zero   RW         1806    .bss                os_core.o
    0x200029e4   0x00000078   Zero   RW         1807    .bss                os_core.o
    0x20002a5c   0x00000004   PAD
    0x20002a60   0x00000400   Zero   RW         1774    STACK               startup_stm32f10x_hd.o


==============================================================================

Image component sizes


      Code (inc. data)   RO Data    RW Data    ZI Data      Debug   Object Name

         0          0          0          0          0         32   core_cm3.o
       790        152          0          8        800       6380   ds18b20.o
        36          4          0          0          0        486   gpioinput.o
       296         20          0          0        800       1633   led.o
       256         48          0          0        800     257601   main.o
       100         10          0          0          0       1008   misc.o
       250          0          0          0          0        891   mqtt.o
      1574        178        256         68       2688      18578   os_core.o
       180         36          0          0          0        288   os_cpu_a.o
       132          0          0          0          0      12403   os_cpu_c.o
        72         12          0          0          0        542   os_flag.o
       140         10          0          0          0       1232   os_mbox.o
       868         72          0          0          0       3308   os_mutex.o
        64          8          0          0          0        515   os_q.o
       666         62          0          0          0       4316   os_task.o
       180         30          0          0          0       1168   os_time.o
        24          6          0          4          0       1524   plantformservice.o
      2032        674         97         82       4500      10239   sim900.o
        36          8        304          0       1024        852   startup_stm32f10x_hd.o
       180          0          0          0          0       3420   stm32f10x_gpio.o
        32          0          0          0          0       3349   stm32f10x_it.o
       532         90          0         20          0      10374   stm32f10x_rcc.o
       352          4          0          0          0       6399   stm32f10x_usart.o
       232         22          0          0          0       1685   system_stm32f10x.o
       788        114          0          5       1056       8570   usart.o

    ----------------------------------------------------------------------
      9836       1560        692        192      11672     356793   Object Totals
         0          0         32          0          0          0   (incl. Generated)
        24          0          3          5          4          0   (incl. Padding)

    ----------------------------------------------------------------------

      Code (inc. data)   RO Data    RW Data    ZI Data      Debug   Library Member Name

        28          0          0          0          0         68   _chval.o
       158          0          0          0          0         92   _strtoul.o
        26          0          0          0          0         80   atoi.o
         8          4        133          0          0         68   ctype_o.o
         0          0          0          0          0          0   entry.o
         0          0          0          0          0          0   entry10a.o
         0          0          0          0          0          0   entry11a.o
         8          4          0          0          0          0   entry2.o
         4          0          0          0          0          0   entry5.o
         0          0          0          0          0          0   entry7b.o
         0          0          0          0          0          0   entry8b.o
         8          4          0          0          0          0   entry9a.o
         8          4          0          4          0         68   errno.o
        30          0          0          0          0          0   handlers.o
        36          8          0          0          0         68   init.o
         0          0          0          0          0          0   iusefp.o
        30          0          0          0          0         68   llshl.o
        36          0          0          0          0         68   llsshr.o
        32          0          0          0          0         68   llushr.o
        36          0          0          0          0         68   memcpya.o
        36          0          0          0          0        108   memseta.o
      2292         96          0          0          0        596   printfa.o
         0          0          0          4          0          0   stdout.o
        18          0          0          0          0         68   strcpy.o
        14          0          0          0          0         68   strlen.o
        24          0          0          0          0         76   strncpy.o
       112          0          0          0          0         88   strtol.o
        44          0          0          0          0         80   uidiv.o
        98          0          0          0          0         92   uldiv.o
        40          2          0          0          0         68   cdrcmple.o
        56          0          0          0          0         88   d2f.o
       334          0          0          0          0        144   dadd.o
       222          0          0          0          0        100   ddiv.o
       190          0          0          0          0        176   depilogue.o
        62          0          0          0          0         80   dfixi.o
        48          0          0          0          0         68   dfixul.o
        34          0          0          0          0         76   dflti.o
       228          0          0          0          0         92   dmul.o
        46          0          0          0          0         80   dscalb.o
        38          0          0          0          0         68   f2d.o
       108          0          0          0          0        168   fepilogue.o

    ----------------------------------------------------------------------
      4494        122        134          8          0       3100   Library Totals
         2          0          1          0          0          0   (incl. Padding)

    ----------------------------------------------------------------------

      Code (inc. data)   RO Data    RW Data    ZI Data      Debug   Library Name

      3086        120        133          8          0       1892   mc_w.l
      1406          2          0          0          0       1208   mf_w.l

    ----------------------------------------------------------------------
      4494        122        134          8          0       3100   Library Totals

    ----------------------------------------------------------------------

==============================================================================


      Code (inc. data)   RO Data    RW Data    ZI Data      Debug   

     14330       1682        826        200      11672     351989   Grand Totals
     14330       1682        826        200      11672     351989   ELF Image Totals
     14330       1682        826        200          0          0   ROM Totals

==============================================================================

    Total RO  Size (Code + RO Data)                15156 (  14.80kB)
    Total RW  Size (RW Data + ZI Data)             11872 (  11.59kB)
    Total ROM Size (Code + RO Data + RW Data)      15356 (  15.00kB)

==============================================================================

